Nov 28 02:59:07 ip-192-168-29-250 kernel: Linux version 5.4.219-126.411.amzn2.x86_64 (mockbuild@ip-10-0-62-212) (gcc version 7.3.1 20180712 (Red Hat 7.3.1-13) (GCC)) #1 SMP Wed Nov 2 17:44:17 UTC 2022
Nov 28 02:59:07 ip-192-168-29-250 kernel: Command line: BOOT_IMAGE=/boot/vmlinuz-5.4.219-126.411.amzn2.x86_64 root=UUID=c563a795-98f0-4dfb-8362-cf2e3ab8bbbd ro console=tty0 console=ttyS0,115200n8 net.ifnames=0 biosdevname=0 nvme_core.io_timeout=4294967295 rd.emergency=poweroff rd.shell=0 LANG=en_US.UTF-8 KEYTABLE=us
Nov 28 02:59:07 ip-192-168-29-250 kernel: x86/fpu: Supporting XSAVE feature 0x001: 'x87 floating point registers'
Nov 28 02:59:07 ip-192-168-29-250 kernel: x86/fpu: Supporting XSAVE feature 0x002: 'SSE registers'
Nov 28 02:59:07 ip-192-168-29-250 kernel: x86/fpu: Supporting XSAVE feature 0x004: 'AVX registers'
Nov 28 02:59:07 ip-192-168-29-250 kernel: x86/fpu: xstate_offset[2]:  576, xstate_sizes[2]:  256
Nov 28 02:59:07 ip-192-168-29-250 kernel: x86/fpu: Enabled xstate features 0x7, context size is 832 bytes, using 'standard' format.
Nov 28 02:59:07 ip-192-168-29-250 kernel: BIOS-provided physical RAM map:
Nov 28 02:59:07 ip-192-168-29-250 kernel: BIOS-e820: [mem 0x0000000000000000-0x000000000009fbff] usable
Nov 28 02:59:07 ip-192-168-29-250 kernel: BIOS-e820: [mem 0x000000000009fc00-0x000000000009ffff] reserved
Nov 28 02:59:07 ip-192-168-29-250 kernel: BIOS-e820: [mem 0x00000000000f0000-0x00000000000fffff] reserved
Nov 28 02:59:07 ip-192-168-29-250 kernel: BIOS-e820: [mem 0x0000000000100000-0x00000000bffe8fff] usable
Nov 28 02:59:07 ip-192-168-29-250 kernel: BIOS-e820: [mem 0x00000000bffe9000-0x00000000bfffffff] reserved
Nov 28 02:59:07 ip-192-168-29-250 kernel: BIOS-e820: [mem 0x00000000e0000000-0x00000000e03fffff] reserved
Nov 28 02:59:07 ip-192-168-29-250 kernel: BIOS-e820: [mem 0x00000000fffc0000-0x00000000ffffffff] reserved
Nov 28 02:59:07 ip-192-168-29-250 kernel: BIOS-e820: [mem 0x0000000100000000-0x00000008143fffff] usable
Nov 28 02:59:07 ip-192-168-29-250 kernel: BIOS-e820: [mem 0x0000000814400000-0x000000083fffffff] reserved
Nov 28 02:59:07 ip-192-168-29-250 kernel: NX (Execute Disable) protection: active
Nov 28 02:59:07 ip-192-168-29-250 kernel: SMBIOS 2.7 present.
Nov 28 02:59:07 ip-192-168-29-250 kernel: DMI: Amazon EC2 c6a.4xlarge/, BIOS 1.0 10/16/2017
Nov 28 02:59:07 ip-192-168-29-250 kernel: Hypervisor detected: KVM
Nov 28 02:59:07 ip-192-168-29-250 kernel: kvm-clock: Using msrs 4b564d01 and 4b564d00
Nov 28 02:59:07 ip-192-168-29-250 kernel: kvm-clock: cpu 0, msr 3201001, primary cpu clock
Nov 28 02:59:07 ip-192-168-29-250 kernel: kvm-clock: using sched offset of 2911432322 cycles
Nov 28 02:59:07 ip-192-168-29-250 kernel: clocksource: kvm-clock: mask: 0xffffffffffffffff max_cycles: 0x1cd42e4dffb, max_idle_ns: 881590591483 ns
Nov 28 02:59:07 ip-192-168-29-250 kernel: tsc: Detected 2650.000 MHz processor
Nov 28 02:59:07 ip-192-168-29-250 kernel: last_pfn = 0x814400 max_arch_pfn = 0x400000000
Nov 28 02:59:07 ip-192-168-29-250 kernel: x86/PAT: Configuration [0-7]: WB  WC  UC- UC  WB  WP  UC- WT
Nov 28 02:59:07 ip-192-168-29-250 kernel: last_pfn = 0xbffe9 max_arch_pfn = 0x400000000
Nov 28 02:59:07 ip-192-168-29-250 kernel: check: Scanning 1 areas for low memory corruption
Nov 28 02:59:07 ip-192-168-29-250 kernel: Using GB pages for direct mapping
Nov 28 02:59:07 ip-192-168-29-250 kernel: RAMDISK: [mem 0x36bbf000-0x375d6fff]
Nov 28 02:59:07 ip-192-168-29-250 kernel: ACPI: Early table checksum verification disabled
Nov 28 02:59:07 ip-192-168-29-250 kernel: ACPI: RSDP 0x00000000000F8F00 000014 (v00 AMAZON)
Nov 28 02:59:07 ip-192-168-29-250 kernel: ACPI: RSDT 0x00000000BFFEDBC0 000044 (v01 AMAZON AMZNRSDT 00000001 AMZN 00000001)
Nov 28 02:59:07 ip-192-168-29-250 kernel: ACPI: WAET 0x00000000BFFEFFC0 000028 (v01 AMAZON AMZNWAET 00000001 AMZN 00000001)
Nov 28 02:59:07 ip-192-168-29-250 kernel: ACPI: SLIT 0x00000000BFFEFF40 00006C (v01 AMAZON AMZNSLIT 00000001 AMZN 00000001)
Nov 28 02:59:07 ip-192-168-29-250 kernel: ACPI: APIC 0x00000000BFFEFE40 0000E6 (v01 AMAZON AMZNAPIC 00000001 AMZN 00000001)
Nov 28 02:59:07 ip-192-168-29-250 kernel: ACPI: SRAT 0x00000000BFFEFCC0 000180 (v01 AMAZON AMZNSRAT 00000001 AMZN 00000001)
Nov 28 02:59:07 ip-192-168-29-250 kernel: ACPI: FACP 0x00000000BFFEFB80 000114 (v01 AMAZON AMZNFACP 00000001 AMZN 00000001)
Nov 28 02:59:07 ip-192-168-29-250 kernel: ACPI: DSDT 0x00000000BFFEE9C0 00115A (v01 AMAZON AMZNDSDT 00000001 AMZN 00000001)
Nov 28 02:59:07 ip-192-168-29-250 kernel: ACPI: FACS 0x00000000000F8EC0 000040
Nov 28 02:59:07 ip-192-168-29-250 kernel: ACPI: HPET 0x00000000BFFEFB40 000038 (v01 AMAZON AMZNHPET 00000001 AMZN 00000001)
Nov 28 02:59:07 ip-192-168-29-250 kernel: ACPI: SSDT 0x00000000BFFEDCC0 000CC4 (v01 AMAZON AMZNSSDT 00000001 AMZN 00000001)
Nov 28 02:59:07 ip-192-168-29-250 kernel: ACPI: SSDT 0x00000000BFFEDC40 00007F (v01 AMAZON AMZNSSDT 00000001 AMZN 00000001)
Nov 28 02:59:07 ip-192-168-29-250 kernel: ACPI: Reserving WAET table memory at [mem 0xbffeffc0-0xbffeffe7]
Nov 28 02:59:07 ip-192-168-29-250 kernel: ACPI: Reserving SLIT table memory at [mem 0xbffeff40-0xbffeffab]
Nov 28 02:59:07 ip-192-168-29-250 kernel: ACPI: Reserving APIC table memory at [mem 0xbffefe40-0xbffeff25]
Nov 28 02:59:07 ip-192-168-29-250 kernel: ACPI: Reserving SRAT table memory at [mem 0xbffefcc0-0xbffefe3f]
Nov 28 02:59:07 ip-192-168-29-250 kernel: ACPI: Reserving FACP table memory at [mem 0xbffefb80-0xbffefc93]
Nov 28 02:59:07 ip-192-168-29-250 kernel: ACPI: Reserving DSDT table memory at [mem 0xbffee9c0-0xbffefb19]
Nov 28 02:59:07 ip-192-168-29-250 kernel: ACPI: Reserving FACS table memory at [mem 0xf8ec0-0xf8eff]
Nov 28 02:59:07 ip-192-168-29-250 kernel: ACPI: Reserving HPET table memory at [mem 0xbffefb40-0xbffefb77]
Nov 28 02:59:07 ip-192-168-29-250 kernel: ACPI: Reserving SSDT table memory at [mem 0xbffedcc0-0xbffee983]
Nov 28 02:59:07 ip-192-168-29-250 kernel: ACPI: Reserving SSDT table memory at [mem 0xbffedc40-0xbffedcbe]
Nov 28 02:59:07 ip-192-168-29-250 kernel: SRAT: PXM 0 -> APIC 0x00 -> Node 0
Nov 28 02:59:07 ip-192-168-29-250 kernel: SRAT: PXM 0 -> APIC 0x01 -> Node 0
Nov 28 02:59:07 ip-192-168-29-250 kernel: SRAT: PXM 0 -> APIC 0x02 -> Node 0
Nov 28 02:59:07 ip-192-168-29-250 kernel: SRAT: PXM 0 -> APIC 0x03 -> Node 0
Nov 28 02:59:07 ip-192-168-29-250 kernel: SRAT: PXM 0 -> APIC 0x04 -> Node 0
Nov 28 02:59:07 ip-192-168-29-250 kernel: SRAT: PXM 0 -> APIC 0x05 -> Node 0
Nov 28 02:59:07 ip-192-168-29-250 kernel: SRAT: PXM 0 -> APIC 0x06 -> Node 0
Nov 28 02:59:07 ip-192-168-29-250 kernel: SRAT: PXM 0 -> APIC 0x07 -> Node 0
Nov 28 02:59:07 ip-192-168-29-250 kernel: SRAT: PXM 0 -> APIC 0x08 -> Node 0
Nov 28 02:59:07 ip-192-168-29-250 kernel: SRAT: PXM 0 -> APIC 0x09 -> Node 0
Nov 28 02:59:07 ip-192-168-29-250 kernel: SRAT: PXM 0 -> APIC 0x0a -> Node 0
Nov 28 02:59:07 ip-192-168-29-250 kernel: SRAT: PXM 0 -> APIC 0x0b -> Node 0
Nov 28 02:59:07 ip-192-168-29-250 kernel: SRAT: PXM 0 -> APIC 0x0c -> Node 0
Nov 28 02:59:07 ip-192-168-29-250 kernel: SRAT: PXM 0 -> APIC 0x0d -> Node 0
Nov 28 02:59:07 ip-192-168-29-250 kernel: SRAT: PXM 0 -> APIC 0x0e -> Node 0
Nov 28 02:59:07 ip-192-168-29-250 kernel: SRAT: PXM 0 -> APIC 0x0f -> Node 0
Nov 28 02:59:07 ip-192-168-29-250 kernel: ACPI: SRAT: Node 0 PXM 0 [mem 0x00000000-0xbfffffff]
Nov 28 02:59:07 ip-192-168-29-250 kernel: ACPI: SRAT: Node 0 PXM 0 [mem 0x100000000-0x83fffffff]
Nov 28 02:59:07 ip-192-168-29-250 kernel: NUMA: Node 0 [mem 0x00000000-0xbfffffff] + [mem 0x100000000-0x8143fffff] -> [mem 0x00000000-0x8143fffff]
Nov 28 02:59:07 ip-192-168-29-250 kernel: NODE_DATA(0) allocated [mem 0x8143db000-0x8143fcfff]
Nov 28 02:59:07 ip-192-168-29-250 kernel: Zone ranges:
Nov 28 02:59:07 ip-192-168-29-250 kernel:  DMA      [mem 0x0000000000001000-0x0000000000ffffff]
Nov 28 02:59:07 ip-192-168-29-250 kernel:  DMA32    [mem 0x0000000001000000-0x00000000ffffffff]
Nov 28 02:59:07 ip-192-168-29-250 kernel:  Normal   [mem 0x0000000100000000-0x00000008143fffff]
Nov 28 02:59:07 ip-192-168-29-250 kernel: Movable zone start for each node
Nov 28 02:59:07 ip-192-168-29-250 kernel: Early memory node ranges
Nov 28 02:59:07 ip-192-168-29-250 kernel:  node   0: [mem 0x0000000000001000-0x000000000009efff]
Nov 28 02:59:07 ip-192-168-29-250 kernel:  node   0: [mem 0x0000000000100000-0x00000000bffe8fff]
Nov 28 02:59:07 ip-192-168-29-250 kernel:  node   0: [mem 0x0000000100000000-0x00000008143fffff]
Nov 28 02:59:07 ip-192-168-29-250 kernel: Zeroed struct page in unavailable ranges: 15481 pages
Nov 28 02:59:07 ip-192-168-29-250 kernel: Initmem setup node 0 [mem 0x0000000000001000-0x00000008143fffff]
Nov 28 02:59:07 ip-192-168-29-250 kernel: ACPI: PM-Timer IO Port: 0xb008
Nov 28 02:59:07 ip-192-168-29-250 kernel: ACPI: LAPIC_NMI (acpi_id[0xff] dfl dfl lint[0x1])
Nov 28 02:59:07 ip-192-168-29-250 kernel: IOAPIC[0]: apic_id 0, version 32, address 0xfec00000, GSI 0-23
Nov 28 02:59:07 ip-192-168-29-250 kernel: ACPI: INT_SRC_OVR (bus 0 bus_irq 5 global_irq 5 high level)
Nov 28 02:59:07 ip-192-168-29-250 kernel: ACPI: INT_SRC_OVR (bus 0 bus_irq 9 global_irq 9 high level)
Nov 28 02:59:07 ip-192-168-29-250 kernel: ACPI: INT_SRC_OVR (bus 0 bus_irq 10 global_irq 10 high level)
Nov 28 02:59:07 ip-192-168-29-250 kernel: ACPI: INT_SRC_OVR (bus 0 bus_irq 11 global_irq 11 high level)
Nov 28 02:59:07 ip-192-168-29-250 kernel: Using ACPI (MADT) for SMP configuration information
Nov 28 02:59:07 ip-192-168-29-250 kernel: ACPI: HPET id: 0x8086a201 base: 0xfed00000
Nov 28 02:59:07 ip-192-168-29-250 kernel: smpboot: Allowing 16 CPUs, 0 hotplug CPUs
Nov 28 02:59:07 ip-192-168-29-250 kernel: PM: Registered nosave memory: [mem 0x00000000-0x00000fff]
Nov 28 02:59:07 ip-192-168-29-250 kernel: PM: Registered nosave memory: [mem 0x0009f000-0x0009ffff]
Nov 28 02:59:07 ip-192-168-29-250 kernel: PM: Registered nosave memory: [mem 0x000a0000-0x000effff]
Nov 28 02:59:07 ip-192-168-29-250 kernel: PM: Registered nosave memory: [mem 0x000f0000-0x000fffff]
Nov 28 02:59:07 ip-192-168-29-250 kernel: PM: Registered nosave memory: [mem 0xbffe9000-0xbfffffff]
Nov 28 02:59:07 ip-192-168-29-250 kernel: PM: Registered nosave memory: [mem 0xc0000000-0xdfffffff]
Nov 28 02:59:07 ip-192-168-29-250 kernel: PM: Registered nosave memory: [mem 0xe0000000-0xe03fffff]
Nov 28 02:59:07 ip-192-168-29-250 kernel: PM: Registered nosave memory: [mem 0xe0400000-0xfffbffff]
Nov 28 02:59:07 ip-192-168-29-250 kernel: PM: Registered nosave memory: [mem 0xfffc0000-0xffffffff]
Nov 28 02:59:07 ip-192-168-29-250 kernel: [mem 0xc0000000-0xdfffffff] available for PCI devices
Nov 28 02:59:07 ip-192-168-29-250 kernel: Booting paravirtualized kernel on KVM
Nov 28 02:59:07 ip-192-168-29-250 kernel: clocksource: refined-jiffies: mask: 0xffffffff max_cycles: 0xffffffff, max_idle_ns: 7645519600211568 ns
Nov 28 02:59:07 ip-192-168-29-250 kernel: setup_percpu: NR_CPUS:8192 nr_cpumask_bits:16 nr_cpu_ids:16 nr_node_ids:1
Nov 28 02:59:07 ip-192-168-29-250 kernel: percpu: Embedded 58 pages/cpu s200704 r8192 d28672 u262144
Nov 28 02:59:07 ip-192-168-29-250 kernel: KVM setup async PF for cpu 0
Nov 28 02:59:07 ip-192-168-29-250 kernel: kvm-stealtime: cpu 0, msr 7f4630040
Nov 28 02:59:07 ip-192-168-29-250 kernel: Fallback order for Node 0: 0
Nov 28 02:59:07 ip-192-168-29-250 kernel: Built 1 zonelists, mobility grouping on.  Total pages: 8080994
Nov 28 02:59:07 ip-192-168-29-250 kernel: Policy zone: Normal
Nov 28 02:59:07 ip-192-168-29-250 kernel: Kernel command line: BOOT_IMAGE=/boot/vmlinuz-5.4.219-126.411.amzn2.x86_64 root=UUID=c563a795-98f0-4dfb-8362-cf2e3ab8bbbd ro console=tty0 console=ttyS0,115200n8 net.ifnames=0 biosdevname=0 nvme_core.io_timeout=4294967295 rd.emergency=poweroff rd.shell=0 LANG=en_US.UTF-8 KEYTABLE=us
Nov 28 02:59:07 ip-192-168-29-250 kernel: Dentry cache hash table entries: 4194304 (order: 13, 33554432 bytes, linear)
Nov 28 02:59:07 ip-192-168-29-250 kernel: Inode-cache hash table entries: 2097152 (order: 12, 16777216 bytes, linear)
Nov 28 02:59:07 ip-192-168-29-250 kernel: mem auto-init: stack:off, heap alloc:off, heap free:off
Nov 28 02:59:07 ip-192-168-29-250 kernel: Memory: 3163468K/32837148K available (12292K kernel code, 2026K rwdata, 6204K rodata, 2196K init, 6740K bss, 680360K reserved, 0K cma-reserved)
Nov 28 02:59:07 ip-192-168-29-250 kernel: SLUB: HWalign=64, Order=0-3, MinObjects=0, CPUs=16, Nodes=1
Nov 28 02:59:07 ip-192-168-29-250 kernel: ftrace: allocating 33889 entries in 133 pages
Nov 28 02:59:07 ip-192-168-29-250 kernel: rcu: Hierarchical RCU implementation.
Nov 28 02:59:07 ip-192-168-29-250 kernel: rcu: #011RCU restricting CPUs from NR_CPUS=8192 to nr_cpu_ids=16.
Nov 28 02:59:07 ip-192-168-29-250 kernel: rcu: RCU calculated value of scheduler-enlistment delay is 25 jiffies.
Nov 28 02:59:07 ip-192-168-29-250 kernel: rcu: Adjusting geometry for rcu_fanout_leaf=16, nr_cpu_ids=16
Nov 28 02:59:07 ip-192-168-29-250 kernel: NR_IRQS: 524544, nr_irqs: 552, preallocated irqs: 16
Nov 28 02:59:07 ip-192-168-29-250 kernel: Console: colour VGA+ 80x25
Nov 28 02:59:07 ip-192-168-29-250 kernel: printk: console [tty0] enabled
Nov 28 02:59:07 ip-192-168-29-250 kernel: printk: console [ttyS0] enabled
Nov 28 02:59:07 ip-192-168-29-250 kernel: ACPI: Core revision 20190816
Nov 28 02:59:07 ip-192-168-29-250 kernel: clocksource: hpet: mask: 0xffffffff max_cycles: 0xffffffff, max_idle_ns: 30580167144 ns
Nov 28 02:59:07 ip-192-168-29-250 kernel: APIC: Switch to symmetric I/O mode setup
Nov 28 02:59:07 ip-192-168-29-250 kernel: x2apic enabled
Nov 28 02:59:07 ip-192-168-29-250 kernel: Switched APIC routing to physical x2apic.
Nov 28 02:59:07 ip-192-168-29-250 kernel: ..TIMER: vector=0x30 apic1=0 pin1=0 apic2=-1 pin2=-1
Nov 28 02:59:07 ip-192-168-29-250 kernel: clocksource: tsc-early: mask: 0xffffffffffffffff max_cycles: 0x2632bd58d3e, max_idle_ns: 440795307842 ns
Nov 28 02:59:07 ip-192-168-29-250 kernel: Calibrating delay loop (skipped) preset value.. 5300.00 BogoMIPS (lpj=10600000)
Nov 28 02:59:07 ip-192-168-29-250 kernel: pid_max: default: 32768 minimum: 301
Nov 28 02:59:07 ip-192-168-29-250 kernel: LSM: Security Framework initializing
Nov 28 02:59:07 ip-192-168-29-250 kernel: Yama: becoming mindful.
Nov 28 02:59:07 ip-192-168-29-250 kernel: SELinux:  Initializing.
Nov 28 02:59:07 ip-192-168-29-250 kernel: *** VALIDATE SELinux ***
Nov 28 02:59:07 ip-192-168-29-250 kernel: Mount-cache hash table entries: 65536 (order: 7, 524288 bytes, linear)
Nov 28 02:59:07 ip-192-168-29-250 kernel: Mountpoint-cache hash table entries: 65536 (order: 7, 524288 bytes, linear)
Nov 28 02:59:07 ip-192-168-29-250 kernel: *** VALIDATE tmpfs ***
Nov 28 02:59:07 ip-192-168-29-250 kernel: *** VALIDATE proc ***
Nov 28 02:59:07 ip-192-168-29-250 kernel: *** VALIDATE cgroup1 ***
Nov 28 02:59:07 ip-192-168-29-250 kernel: *** VALIDATE cgroup2 ***
Nov 28 02:59:07 ip-192-168-29-250 kernel: Last level iTLB entries: 4KB 512, 2MB 512, 4MB 256
Nov 28 02:59:07 ip-192-168-29-250 kernel: Last level dTLB entries: 4KB 2048, 2MB 2048, 4MB 1024, 1GB 0
Nov 28 02:59:07 ip-192-168-29-250 kernel: Spectre V1 : Mitigation: usercopy/swapgs barriers and __user pointer sanitization
Nov 28 02:59:07 ip-192-168-29-250 kernel: Spectre V2 : Mitigation: Retpolines
Nov 28 02:59:07 ip-192-168-29-250 kernel: Spectre V2 : Spectre v2 / SpectreRSB mitigation: Filling RSB on context switch
Nov 28 02:59:07 ip-192-168-29-250 kernel: Spectre V2 : Spectre v2 / SpectreRSB : Filling RSB on VMEXIT
Nov 28 02:59:07 ip-192-168-29-250 kernel: Spectre V2 : Enabling Restricted Speculation for firmware calls
Nov 28 02:59:07 ip-192-168-29-250 kernel: Spectre V2 : mitigation: Enabling conditional Indirect Branch Prediction Barrier
Nov 28 02:59:07 ip-192-168-29-250 kernel: Spectre V2 : User space: Mitigation: STIBP via seccomp and prctl
Nov 28 02:59:07 ip-192-168-29-250 kernel: Speculative Store Bypass: Mitigation: Speculative Store Bypass disabled via prctl and seccomp
Nov 28 02:59:07 ip-192-168-29-250 kernel: Freeing SMP alternatives memory: 32K
Nov 28 02:59:07 ip-192-168-29-250 kernel: smpboot: CPU0: AMD EPYC 7R13 Processor (family: 0x19, model: 0x1, stepping: 0x1)
Nov 28 02:59:07 ip-192-168-29-250 kernel: Performance Events: PMU not available due to virtualization, using software events only.
Nov 28 02:59:07 ip-192-168-29-250 kernel: rcu: Hierarchical SRCU implementation.
Nov 28 02:59:07 ip-192-168-29-250 kernel: Huh? What family is it: 0x19?!
Nov 28 02:59:07 ip-192-168-29-250 kernel: NMI watchdog: Perf NMI watchdog permanently disabled
Nov 28 02:59:07 ip-192-168-29-250 kernel: smp: Bringing up secondary CPUs ...
Nov 28 02:59:07 ip-192-168-29-250 kernel: x86: Booting SMP configuration:
Nov 28 02:59:07 ip-192-168-29-250 kernel: .... node  #0, CPUs:        #1
Nov 28 02:59:07 ip-192-168-29-250 kernel: kvm-clock: cpu 1, msr 3201041, secondary cpu clock
Nov 28 02:59:07 ip-192-168-29-250 kernel: KVM setup async PF for cpu 1
Nov 28 02:59:07 ip-192-168-29-250 kernel: kvm-stealtime: cpu 1, msr 7f4670040
Nov 28 02:59:07 ip-192-168-29-250 kernel:  #2
Nov 28 02:59:07 ip-192-168-29-250 kernel: kvm-clock: cpu 2, msr 3201081, secondary cpu clock
Nov 28 02:59:07 ip-192-168-29-250 kernel: KVM setup async PF for cpu 2
Nov 28 02:59:07 ip-192-168-29-250 kernel: kvm-stealtime: cpu 2, msr 7f46b0040
Nov 28 02:59:07 ip-192-168-29-250 kernel:  #3
Nov 28 02:59:07 ip-192-168-29-250 kernel: kvm-clock: cpu 3, msr 32010c1, secondary cpu clock
Nov 28 02:59:07 ip-192-168-29-250 kernel: KVM setup async PF for cpu 3
Nov 28 02:59:07 ip-192-168-29-250 kernel: kvm-stealtime: cpu 3, msr 7f46f0040
Nov 28 02:59:07 ip-192-168-29-250 kernel:  #4
Nov 28 02:59:07 ip-192-168-29-250 kernel: kvm-clock: cpu 4, msr 3201101, secondary cpu clock
Nov 28 02:59:07 ip-192-168-29-250 kernel: KVM setup async PF for cpu 4
Nov 28 02:59:07 ip-192-168-29-250 kernel: kvm-stealtime: cpu 4, msr 7f4730040
Nov 28 02:59:07 ip-192-168-29-250 kernel:  #5
Nov 28 02:59:07 ip-192-168-29-250 kernel: kvm-clock: cpu 5, msr 3201141, secondary cpu clock
Nov 28 02:59:07 ip-192-168-29-250 kernel: KVM setup async PF for cpu 5
Nov 28 02:59:07 ip-192-168-29-250 kernel: kvm-stealtime: cpu 5, msr 7f4770040
Nov 28 02:59:07 ip-192-168-29-250 kernel:  #6
Nov 28 02:59:07 ip-192-168-29-250 kernel: kvm-clock: cpu 6, msr 3201181, secondary cpu clock
Nov 28 02:59:07 ip-192-168-29-250 kernel: KVM setup async PF for cpu 6
Nov 28 02:59:07 ip-192-168-29-250 kernel: kvm-stealtime: cpu 6, msr 7f47b0040
Nov 28 02:59:07 ip-192-168-29-250 kernel:  #7
Nov 28 02:59:07 ip-192-168-29-250 kernel: kvm-clock: cpu 7, msr 32011c1, secondary cpu clock
Nov 28 02:59:07 ip-192-168-29-250 kernel: KVM setup async PF for cpu 7
Nov 28 02:59:07 ip-192-168-29-250 kernel: kvm-stealtime: cpu 7, msr 7f47f0040
Nov 28 02:59:07 ip-192-168-29-250 kernel:  #8
Nov 28 02:59:07 ip-192-168-29-250 kernel: kvm-clock: cpu 8, msr 3201201, secondary cpu clock
Nov 28 02:59:07 ip-192-168-29-250 kernel: KVM setup async PF for cpu 8
Nov 28 02:59:07 ip-192-168-29-250 kernel: kvm-stealtime: cpu 8, msr 7f4830040
Nov 28 02:59:07 ip-192-168-29-250 kernel:  #9
Nov 28 02:59:07 ip-192-168-29-250 kernel: kvm-clock: cpu 9, msr 3201241, secondary cpu clock
Nov 28 02:59:07 ip-192-168-29-250 kernel: KVM setup async PF for cpu 9
Nov 28 02:59:07 ip-192-168-29-250 kernel: kvm-stealtime: cpu 9, msr 7f4870040
Nov 28 02:59:07 ip-192-168-29-250 kernel: #10
Nov 28 02:59:07 ip-192-168-29-250 kernel: kvm-clock: cpu 10, msr 3201281, secondary cpu clock
Nov 28 02:59:07 ip-192-168-29-250 kernel: KVM setup async PF for cpu 10
Nov 28 02:59:07 ip-192-168-29-250 kernel: kvm-stealtime: cpu 10, msr 7f48b0040
Nov 28 02:59:07 ip-192-168-29-250 kernel: #11
Nov 28 02:59:07 ip-192-168-29-250 kernel: kvm-clock: cpu 11, msr 32012c1, secondary cpu clock
Nov 28 02:59:07 ip-192-168-29-250 kernel: KVM setup async PF for cpu 11
Nov 28 02:59:07 ip-192-168-29-250 kernel: kvm-stealtime: cpu 11, msr 7f48f0040
Nov 28 02:59:07 ip-192-168-29-250 kernel: #12
Nov 28 02:59:07 ip-192-168-29-250 kernel: kvm-clock: cpu 12, msr 3201301, secondary cpu clock
Nov 28 02:59:07 ip-192-168-29-250 kernel: KVM setup async PF for cpu 12
Nov 28 02:59:07 ip-192-168-29-250 kernel: kvm-stealtime: cpu 12, msr 7f4930040
Nov 28 02:59:07 ip-192-168-29-250 kernel: #13
Nov 28 02:59:07 ip-192-168-29-250 kernel: kvm-clock: cpu 13, msr 3201341, secondary cpu clock
Nov 28 02:59:07 ip-192-168-29-250 kernel: KVM setup async PF for cpu 13
Nov 28 02:59:07 ip-192-168-29-250 kernel: kvm-stealtime: cpu 13, msr 7f4970040
Nov 28 02:59:07 ip-192-168-29-250 kernel: #14
Nov 28 02:59:07 ip-192-168-29-250 kernel: kvm-clock: cpu 14, msr 3201381, secondary cpu clock
Nov 28 02:59:07 ip-192-168-29-250 kernel: KVM setup async PF for cpu 14
Nov 28 02:59:07 ip-192-168-29-250 kernel: kvm-stealtime: cpu 14, msr 7f49b0040
Nov 28 02:59:07 ip-192-168-29-250 kernel: #15
Nov 28 02:59:07 ip-192-168-29-250 kernel: kvm-clock: cpu 15, msr 32013c1, secondary cpu clock
Nov 28 02:59:07 ip-192-168-29-250 kernel: KVM setup async PF for cpu 15
Nov 28 02:59:07 ip-192-168-29-250 kernel: kvm-stealtime: cpu 15, msr 7f49f0040
Nov 28 02:59:07 ip-192-168-29-250 kernel: smp: Brought up 1 node, 16 CPUs
Nov 28 02:59:07 ip-192-168-29-250 kernel: smpboot: Max logical packages: 1
Nov 28 02:59:07 ip-192-168-29-250 kernel: smpboot: Total of 16 processors activated (84800.00 BogoMIPS)
Nov 28 02:59:07 ip-192-168-29-250 kernel: node 0 initialised, 7248330 pages in 80ms
Nov 28 02:59:07 ip-192-168-29-250 kernel: devtmpfs: initialized
Nov 28 02:59:07 ip-192-168-29-250 kernel: x86/mm: Memory block size: 128MB
Nov 28 02:59:07 ip-192-168-29-250 kernel: clocksource: jiffies: mask: 0xffffffff max_cycles: 0xffffffff, max_idle_ns: 7645041785100000 ns
Nov 28 02:59:07 ip-192-168-29-250 kernel: futex hash table entries: 4096 (order: 6, 262144 bytes, linear)
Nov 28 02:59:07 ip-192-168-29-250 kernel: NET: Registered protocol family 16
Nov 28 02:59:07 ip-192-168-29-250 kernel: audit: initializing netlink subsys (disabled)
Nov 28 02:59:07 ip-192-168-29-250 kernel: audit: type=2000 audit(1669604345.916:1): state=initialized audit_enabled=0 res=1
Nov 28 02:59:07 ip-192-168-29-250 kernel: cpuidle: using governor ladder
Nov 28 02:59:07 ip-192-168-29-250 kernel: cpuidle: using governor menu
Nov 28 02:59:07 ip-192-168-29-250 kernel: ACPI: bus type PCI registered
Nov 28 02:59:07 ip-192-168-29-250 kernel: acpiphp: ACPI Hot Plug PCI Controller Driver version: 0.5
Nov 28 02:59:07 ip-192-168-29-250 kernel: PCI: Using configuration type 1 for base access
Nov 28 02:59:07 ip-192-168-29-250 kernel: PCI: Using configuration type 1 for extended access
Nov 28 02:59:07 ip-192-168-29-250 kernel: HugeTLB registered 1.00 GiB page size, pre-allocated 0 pages
Nov 28 02:59:07 ip-192-168-29-250 kernel: HugeTLB registered 2.00 MiB page size, pre-allocated 0 pages
Nov 28 02:59:07 ip-192-168-29-250 kernel: ACPI: Added _OSI(Module Device)
Nov 28 02:59:07 ip-192-168-29-250 kernel: ACPI: Added _OSI(Processor Device)
Nov 28 02:59:07 ip-192-168-29-250 kernel: ACPI: Added _OSI(3.0 _SCP Extensions)
Nov 28 02:59:07 ip-192-168-29-250 kernel: ACPI: Added _OSI(Processor Aggregator Device)
Nov 28 02:59:07 ip-192-168-29-250 kernel: ACPI: Added _OSI(Linux-Dell-Video)
Nov 28 02:59:07 ip-192-168-29-250 kernel: ACPI: Added _OSI(Linux-Lenovo-NV-HDMI-Audio)
Nov 28 02:59:07 ip-192-168-29-250 kernel: ACPI: Added _OSI(Linux-HPI-Hybrid-Graphics)
Nov 28 02:59:07 ip-192-168-29-250 kernel: ACPI: 3 ACPI AML tables successfully acquired and loaded
Nov 28 02:59:07 ip-192-168-29-250 kernel: ACPI: Interpreter enabled
Nov 28 02:59:07 ip-192-168-29-250 kernel: ACPI: (supports S0 S4 S5)
Nov 28 02:59:07 ip-192-168-29-250 kernel: ACPI: Using IOAPIC for interrupt routing
Nov 28 02:59:07 ip-192-168-29-250 kernel: PCI: Using host bridge windows from ACPI; if necessary, use "pci=nocrs" and report a bug
Nov 28 02:59:07 ip-192-168-29-250 kernel: ACPI: Enabled 2 GPEs in block 00 to 0F
Nov 28 02:59:07 ip-192-168-29-250 kernel: ACPI: PCI Root Bridge [PCI0] (domain 0000 [bus 00-ff])
Nov 28 02:59:07 ip-192-168-29-250 kernel: acpi PNP0A03:00: _OSC: OS supports [ExtendedConfig ASPM ClockPM Segments MSI HPX-Type3]
Nov 28 02:59:07 ip-192-168-29-250 kernel: acpiphp: Slot [3] registered
Nov 28 02:59:07 ip-192-168-29-250 kernel: acpiphp: Slot [4] registered
Nov 28 02:59:07 ip-192-168-29-250 kernel: acpiphp: Slot [5] registered
Nov 28 02:59:07 ip-192-168-29-250 kernel: acpiphp: Slot [6] registered
Nov 28 02:59:07 ip-192-168-29-250 kernel: acpiphp: Slot [7] registered
Nov 28 02:59:07 ip-192-168-29-250 kernel: acpiphp: Slot [8] registered
Nov 28 02:59:07 ip-192-168-29-250 kernel: acpiphp: Slot [9] registered
Nov 28 02:59:07 ip-192-168-29-250 kernel: acpiphp: Slot [10] registered
Nov 28 02:59:07 ip-192-168-29-250 kernel: acpiphp: Slot [11] registered
Nov 28 02:59:07 ip-192-168-29-250 kernel: acpiphp: Slot [12] registered
Nov 28 02:59:07 ip-192-168-29-250 kernel: acpiphp: Slot [13] registered
Nov 28 02:59:07 ip-192-168-29-250 kernel: acpiphp: Slot [14] registered
Nov 28 02:59:07 ip-192-168-29-250 kernel: acpiphp: Slot [15] registered
Nov 28 02:59:07 ip-192-168-29-250 kernel: acpiphp: Slot [16] registered
Nov 28 02:59:07 ip-192-168-29-250 kernel: acpiphp: Slot [17] registered
Nov 28 02:59:07 ip-192-168-29-250 kernel: acpiphp: Slot [18] registered
Nov 28 02:59:07 ip-192-168-29-250 kernel: acpiphp: Slot [19] registered
Nov 28 02:59:07 ip-192-168-29-250 kernel: acpiphp: Slot [20] registered
Nov 28 02:59:07 ip-192-168-29-250 kernel: acpiphp: Slot [21] registered
Nov 28 02:59:07 ip-192-168-29-250 kernel: acpiphp: Slot [22] registered
Nov 28 02:59:07 ip-192-168-29-250 kernel: acpiphp: Slot [23] registered
Nov 28 02:59:07 ip-192-168-29-250 kernel: acpiphp: Slot [24] registered
Nov 28 02:59:07 ip-192-168-29-250 kernel: acpiphp: Slot [25] registered
Nov 28 02:59:07 ip-192-168-29-250 kernel: acpiphp: Slot [26] registered
Nov 28 02:59:07 ip-192-168-29-250 kernel: acpiphp: Slot [27] registered
Nov 28 02:59:07 ip-192-168-29-250 kernel: acpiphp: Slot [28] registered
Nov 28 02:59:07 ip-192-168-29-250 kernel: acpiphp: Slot [29] registered
Nov 28 02:59:07 ip-192-168-29-250 kernel: acpiphp: Slot [30] registered
Nov 28 02:59:07 ip-192-168-29-250 kernel: acpiphp: Slot [31] registered
Nov 28 02:59:07 ip-192-168-29-250 kernel: PCI host bridge to bus 0000:00
Nov 28 02:59:07 ip-192-168-29-250 kernel: pci_bus 0000:00: root bus resource [io  0x0000-0x0cf7 window]
Nov 28 02:59:07 ip-192-168-29-250 kernel: pci_bus 0000:00: root bus resource [io  0x0d00-0xffff window]
Nov 28 02:59:07 ip-192-168-29-250 kernel: pci_bus 0000:00: root bus resource [mem 0x000a0000-0x000bffff window]
Nov 28 02:59:07 ip-192-168-29-250 kernel: pci_bus 0000:00: root bus resource [mem 0xc0000000-0xfebfffff window]
Nov 28 02:59:07 ip-192-168-29-250 kernel: pci_bus 0000:00: root bus resource [mem 0x840000000-0x20083fffffff window]
Nov 28 02:59:07 ip-192-168-29-250 kernel: pci_bus 0000:00: root bus resource [bus 00-ff]
Nov 28 02:59:07 ip-192-168-29-250 kernel: pci 0000:00:00.0: [8086:1237] type 00 class 0x060000
Nov 28 02:59:07 ip-192-168-29-250 kernel: pci 0000:00:01.0: [8086:7000] type 00 class 0x060100
Nov 28 02:59:07 ip-192-168-29-250 kernel: pci 0000:00:01.3: [8086:7113] type 00 class 0x000000
Nov 28 02:59:07 ip-192-168-29-250 kernel: pci 0000:00:01.3: quirk: [io  0xb000-0xb03f] claimed by PIIX4 ACPI
Nov 28 02:59:07 ip-192-168-29-250 kernel: pci 0000:00:01.3: quirk: [io  0xb100-0xb10f] claimed by PIIX4 SMB
Nov 28 02:59:07 ip-192-168-29-250 kernel: pci 0000:00:01.3: PIIX4 devres E PIO at fff0-ffff
Nov 28 02:59:07 ip-192-168-29-250 kernel: pci 0000:00:01.3: PIIX4 devres F MMIO at ffc00000-ffffffff
Nov 28 02:59:07 ip-192-168-29-250 kernel: pci 0000:00:01.3: PIIX4 devres G PIO at fff0-ffff
Nov 28 02:59:07 ip-192-168-29-250 kernel: pci 0000:00:01.3: PIIX4 devres H MMIO at ffc00000-ffffffff
Nov 28 02:59:07 ip-192-168-29-250 kernel: pci 0000:00:01.3: PIIX4 devres I PIO at fff0-ffff
Nov 28 02:59:07 ip-192-168-29-250 kernel: pci 0000:00:01.3: PIIX4 devres J PIO at fff0-ffff
Nov 28 02:59:07 ip-192-168-29-250 kernel: pci 0000:00:01.3: quirk_piix4_acpi+0x0/0x160 took 35156 usecs
Nov 28 02:59:07 ip-192-168-29-250 kernel: pci 0000:00:03.0: [1d0f:1111] type 00 class 0x030000
Nov 28 02:59:07 ip-192-168-29-250 kernel: pci 0000:00:03.0: reg 0x10: [mem 0xfe400000-0xfe7fffff pref]
Nov 28 02:59:07 ip-192-168-29-250 kernel: pci 0000:00:03.0: reg 0x30: [mem 0xfebe0000-0xfebeffff pref]
Nov 28 02:59:07 ip-192-168-29-250 kernel: pci 0000:00:04.0: [1d0f:8061] type 00 class 0x010802
Nov 28 02:59:07 ip-192-168-29-250 kernel: pci 0000:00:04.0: reg 0x10: [mem 0xfebf0000-0xfebf3fff]
Nov 28 02:59:07 ip-192-168-29-250 kernel: pci 0000:00:04.0: enabling Extended Tags
Nov 28 02:59:07 ip-192-168-29-250 kernel: pci 0000:00:05.0: [1d0f:ec20] type 00 class 0x020000
Nov 28 02:59:07 ip-192-168-29-250 kernel: pci 0000:00:05.0: reg 0x10: [mem 0xfebf4000-0xfebf5fff]
Nov 28 02:59:07 ip-192-168-29-250 kernel: pci 0000:00:05.0: reg 0x14: [mem 0xfebf6000-0xfebf7fff]
Nov 28 02:59:07 ip-192-168-29-250 kernel: pci 0000:00:05.0: reg 0x18: [mem 0xfe800000-0xfe8fffff pref]
Nov 28 02:59:07 ip-192-168-29-250 kernel: pci 0000:00:05.0: enabling Extended Tags
Nov 28 02:59:07 ip-192-168-29-250 kernel: ACPI: PCI Interrupt Link [LNKA] (IRQs 5 *10 11)
Nov 28 02:59:07 ip-192-168-29-250 kernel: ACPI: PCI Interrupt Link [LNKB] (IRQs 5 *10 11)
Nov 28 02:59:07 ip-192-168-29-250 kernel: ACPI: PCI Interrupt Link [LNKC] (IRQs 5 10 *11)
Nov 28 02:59:07 ip-192-168-29-250 kernel: ACPI: PCI Interrupt Link [LNKD] (IRQs 5 10 *11)
Nov 28 02:59:07 ip-192-168-29-250 kernel: ACPI: PCI Interrupt Link [LNKS] (IRQs *9)
Nov 28 02:59:07 ip-192-168-29-250 kernel: iommu: Default domain type: Translated
Nov 28 02:59:07 ip-192-168-29-250 kernel: pci 0000:00:03.0: vgaarb: setting as boot VGA device
Nov 28 02:59:07 ip-192-168-29-250 kernel: pci 0000:00:03.0: vgaarb: VGA device added: decodes=io+mem,owns=io+mem,locks=none
Nov 28 02:59:07 ip-192-168-29-250 kernel: pci 0000:00:03.0: vgaarb: bridge control possible
Nov 28 02:59:07 ip-192-168-29-250 kernel: vgaarb: loaded
Nov 28 02:59:07 ip-192-168-29-250 kernel: EDAC MC: Ver: 3.0.0
Nov 28 02:59:07 ip-192-168-29-250 kernel: PCI: Using ACPI for IRQ routing
Nov 28 02:59:07 ip-192-168-29-250 kernel: NetLabel: Initializing
Nov 28 02:59:07 ip-192-168-29-250 kernel: NetLabel:  domain hash size = 128
Nov 28 02:59:07 ip-192-168-29-250 kernel: NetLabel:  protocols = UNLABELED CIPSOv4 CALIPSO
Nov 28 02:59:07 ip-192-168-29-250 kernel: NetLabel:  unlabeled traffic allowed by default
Nov 28 02:59:07 ip-192-168-29-250 kernel: hpet0: at MMIO 0xfed00000, IRQs 2, 8, 0, 0, 0, 0, 0, 0
Nov 28 02:59:07 ip-192-168-29-250 kernel: hpet0: 8 comparators, 32-bit 62.500000 MHz counter
Nov 28 02:59:07 ip-192-168-29-250 kernel: clocksource: Switched to clocksource kvm-clock
Nov 28 02:59:07 ip-192-168-29-250 kernel: *** VALIDATE bpf ***
Nov 28 02:59:07 ip-192-168-29-250 kernel: VFS: Disk quotas dquot_6.6.0
Nov 28 02:59:07 ip-192-168-29-250 kernel: VFS: Dquot-cache hash table entries: 512 (order 0, 4096 bytes)
Nov 28 02:59:07 ip-192-168-29-250 kernel: *** VALIDATE ramfs ***
Nov 28 02:59:07 ip-192-168-29-250 kernel: *** VALIDATE hugetlbfs ***
Nov 28 02:59:07 ip-192-168-29-250 kernel: pnp: PnP ACPI init
Nov 28 02:59:07 ip-192-168-29-250 kernel: pnp: PnP ACPI: found 5 devices
Nov 28 02:59:07 ip-192-168-29-250 kernel: thermal_sys: Registered thermal governor 'fair_share'
Nov 28 02:59:07 ip-192-168-29-250 kernel: thermal_sys: Registered thermal governor 'step_wise'
Nov 28 02:59:07 ip-192-168-29-250 kernel: thermal_sys: Registered thermal governor 'user_space'
Nov 28 02:59:07 ip-192-168-29-250 kernel: clocksource: acpi_pm: mask: 0xffffff max_cycles: 0xffffff, max_idle_ns: 2085701024 ns
Nov 28 02:59:07 ip-192-168-29-250 kernel: pci_bus 0000:00: resource 4 [io  0x0000-0x0cf7 window]
Nov 28 02:59:07 ip-192-168-29-250 kernel: pci_bus 0000:00: resource 5 [io  0x0d00-0xffff window]
Nov 28 02:59:07 ip-192-168-29-250 kernel: pci_bus 0000:00: resource 6 [mem 0x000a0000-0x000bffff window]
Nov 28 02:59:07 ip-192-168-29-250 kernel: pci_bus 0000:00: resource 7 [mem 0xc0000000-0xfebfffff window]
Nov 28 02:59:07 ip-192-168-29-250 kernel: pci_bus 0000:00: resource 8 [mem 0x840000000-0x20083fffffff window]
Nov 28 02:59:07 ip-192-168-29-250 kernel: NET: Registered protocol family 2
Nov 28 02:59:07 ip-192-168-29-250 kernel: IP idents hash table entries: 262144 (order: 9, 2097152 bytes, linear)
Nov 28 02:59:07 ip-192-168-29-250 kernel: tcp_listen_portaddr_hash hash table entries: 16384 (order: 6, 262144 bytes, linear)
Nov 28 02:59:07 ip-192-168-29-250 kernel: TCP established hash table entries: 262144 (order: 9, 2097152 bytes, linear)
Nov 28 02:59:07 ip-192-168-29-250 kernel: TCP bind hash table entries: 65536 (order: 8, 1048576 bytes, linear)
Nov 28 02:59:07 ip-192-168-29-250 kernel: TCP: Hash tables configured (established 262144 bind 65536)
Nov 28 02:59:07 ip-192-168-29-250 kernel: UDP hash table entries: 16384 (order: 7, 524288 bytes, linear)
Nov 28 02:59:07 ip-192-168-29-250 kernel: UDP-Lite hash table entries: 16384 (order: 7, 524288 bytes, linear)
Nov 28 02:59:07 ip-192-168-29-250 kernel: NET: Registered protocol family 1
Nov 28 02:59:07 ip-192-168-29-250 kernel: NET: Registered protocol family 44
Nov 28 02:59:07 ip-192-168-29-250 kernel: pci 0000:00:00.0: Limiting direct PCI/PCI transfers
Nov 28 02:59:07 ip-192-168-29-250 kernel: pci 0000:00:01.0: Activating ISA DMA hang workarounds
Nov 28 02:59:07 ip-192-168-29-250 kernel: pci 0000:00:03.0: Video device with shadowed ROM at [mem 0x000c0000-0x000dffff]
Nov 28 02:59:07 ip-192-168-29-250 kernel: PCI: CLS 0 bytes, default 64
Nov 28 02:59:07 ip-192-168-29-250 kernel: Trying to unpack rootfs image as initramfs...
Nov 28 02:59:07 ip-192-168-29-250 kernel: Freeing initrd memory: 10336K
Nov 28 02:59:07 ip-192-168-29-250 kernel: PCI-DMA: Using software bounce buffering for IO (SWIOTLB)
Nov 28 02:59:07 ip-192-168-29-250 kernel: software IO TLB: mapped [mem 0xbbfe9000-0xbffe9000] (64MB)
Nov 28 02:59:07 ip-192-168-29-250 kernel: clocksource: tsc: mask: 0xffffffffffffffff max_cycles: 0x2632bd58d3e, max_idle_ns: 440795307842 ns
Nov 28 02:59:07 ip-192-168-29-250 kernel: clocksource: Switched to clocksource tsc
Nov 28 02:59:07 ip-192-168-29-250 kernel: check: Scanning for low memory corruption every 60 seconds
Nov 28 02:59:07 ip-192-168-29-250 kernel: Initialise system trusted keyrings
Nov 28 02:59:07 ip-192-168-29-250 kernel: Key type blacklist registered
Nov 28 02:59:07 ip-192-168-29-250 kernel: workingset: timestamp_bits=36 max_order=23 bucket_order=0
Nov 28 02:59:07 ip-192-168-29-250 kernel: zbud: loaded
Nov 28 02:59:07 ip-192-168-29-250 kernel: SGI XFS with ACLs, security attributes, no debug enabled
Nov 28 02:59:07 ip-192-168-29-250 kernel: Key type asymmetric registered
Nov 28 02:59:07 ip-192-168-29-250 kernel: Asymmetric key parser 'x509' registered
Nov 28 02:59:07 ip-192-168-29-250 kernel: Block layer SCSI generic (bsg) driver version 0.4 loaded (major 251)
Nov 28 02:59:07 ip-192-168-29-250 kernel: io scheduler mq-deadline registered
Nov 28 02:59:07 ip-192-168-29-250 kernel: io scheduler kyber registered
Nov 28 02:59:07 ip-192-168-29-250 kernel: io scheduler bfq registered
Nov 28 02:59:07 ip-192-168-29-250 kernel: crc32: CRC_LE_BITS = 64, CRC_BE BITS = 64
Nov 28 02:59:07 ip-192-168-29-250 kernel: crc32: self tests passed, processed 225944 bytes in 112531 nsec
Nov 28 02:59:07 ip-192-168-29-250 kernel: crc32c: CRC_LE_BITS = 64
Nov 28 02:59:07 ip-192-168-29-250 kernel: crc32c: self tests passed, processed 225944 bytes in 56440 nsec
Nov 28 02:59:07 ip-192-168-29-250 kernel: crc32_combine: 8373 self tests passed
Nov 28 02:59:07 ip-192-168-29-250 kernel: crc32c_combine: 8373 self tests passed
Nov 28 02:59:07 ip-192-168-29-250 kernel: shpchp: Standard Hot Plug PCI Controller Driver version: 0.4
Nov 28 02:59:07 ip-192-168-29-250 kernel: Serial: 8250/16550 driver, 4 ports, IRQ sharing disabled
Nov 28 02:59:07 ip-192-168-29-250 kernel: 00:04: ttyS0 at I/O 0x3f8 (irq = 4, base_baud = 115200) is a 16550A
Nov 28 02:59:07 ip-192-168-29-250 kernel: nvme nvme0: pci function 0000:00:04.0
Nov 28 02:59:07 ip-192-168-29-250 kernel: i8042: PNP: PS/2 Controller [PNP0303:KBD,PNP0f13:MOU] at 0x60,0x64 irq 1,12
Nov 28 02:59:07 ip-192-168-29-250 kernel: PCI Interrupt Link [LNKD] enabled at IRQ 11
Nov 28 02:59:07 ip-192-168-29-250 kernel: i8042: Warning: Keylock active
Nov 28 02:59:07 ip-192-168-29-250 kernel: serio: i8042 KBD port at 0x60,0x64 irq 1
Nov 28 02:59:07 ip-192-168-29-250 kernel: serio: i8042 AUX port at 0x60,0x64 irq 12
Nov 28 02:59:07 ip-192-168-29-250 kernel: rtc_cmos 00:00: RTC can wake from S4
Nov 28 02:59:07 ip-192-168-29-250 kernel: rtc_cmos 00:00: registered as rtc0
Nov 28 02:59:07 ip-192-168-29-250 kernel: rtc_cmos 00:00: alarms up to one day, 114 bytes nvram
Nov 28 02:59:07 ip-192-168-29-250 kernel: hidraw: raw HID events driver (C) Jiri Kosina
Nov 28 02:59:07 ip-192-168-29-250 kernel: NET: Registered protocol family 10
Nov 28 02:59:07 ip-192-168-29-250 kernel: Segment Routing with IPv6
Nov 28 02:59:07 ip-192-168-29-250 kernel: NET: Registered protocol family 17
Nov 28 02:59:07 ip-192-168-29-250 kernel: IPI shorthand broadcast: enabled
Nov 28 02:59:07 ip-192-168-29-250 kernel: sched_clock: Marking stable (1685149333, 688099430)->(2446262529, -73013766)
Nov 28 02:59:07 ip-192-168-29-250 kernel: registered taskstats version 1
Nov 28 02:59:07 ip-192-168-29-250 kernel: Loading compiled-in X.509 certificates
Nov 28 02:59:07 ip-192-168-29-250 kernel: Loaded X.509 cert 'Build time autogenerated kernel key: 6d6fa7b1681688025c3fd7a8ea4b8768af14ecdd'
Nov 28 02:59:07 ip-192-168-29-250 kernel: zswap: loaded using pool lzo/zbud
Nov 28 02:59:07 ip-192-168-29-250 kernel: ima: No TPM chip found, activating TPM-bypass!
Nov 28 02:59:07 ip-192-168-29-250 kernel: ima: Allocated hash algorithm: sha1
Nov 28 02:59:07 ip-192-168-29-250 kernel: ima: No architecture policies found
Nov 28 02:59:07 ip-192-168-29-250 kernel: rtc_cmos 00:00: setting system clock to 2022-11-28T02:59:07 UTC (1669604347)
Nov 28 02:59:07 ip-192-168-29-250 kernel: nvme nvme0: 2/0/0 default/read/poll queues
Nov 28 02:59:07 ip-192-168-29-250 kernel: GPT:Primary header thinks Alt. header is not at the end of the disk.
Nov 28 02:59:07 ip-192-168-29-250 kernel: GPT:16777215 != 41943039
Nov 28 02:59:07 ip-192-168-29-250 kernel: GPT:Alternate GPT header not at the end of the disk.
Nov 28 02:59:07 ip-192-168-29-250 kernel: GPT:16777215 != 41943039
Nov 28 02:59:07 ip-192-168-29-250 kernel: GPT: Use GNU Parted to correct GPT errors.
Nov 28 02:59:07 ip-192-168-29-250 kernel: nvme0n1: p1 p128
Nov 28 02:59:07 ip-192-168-29-250 kernel: Freeing unused decrypted memory: 2040K
Nov 28 02:59:07 ip-192-168-29-250 kernel: Freeing unused kernel image memory: 2196K
Nov 28 02:59:07 ip-192-168-29-250 kernel: Write protecting the kernel read-only data: 22528k
Nov 28 02:59:07 ip-192-168-29-250 kernel: Freeing unused kernel image memory: 2028K
Nov 28 02:59:07 ip-192-168-29-250 kernel: Freeing unused kernel image memory: 1988K
Nov 28 02:59:07 ip-192-168-29-250 kernel: Run /init as init process
Nov 28 02:59:07 ip-192-168-29-250 systemd[1]: Inserted module 'autofs4'
Nov 28 02:59:07 ip-192-168-29-250 kernel: random: systemd: uninitialized urandom read (16 bytes read)
Nov 28 02:59:07 ip-192-168-29-250 kernel: random: systemd: uninitialized urandom read (16 bytes read)
Nov 28 02:59:07 ip-192-168-29-250 kernel: random: systemd: uninitialized urandom read (16 bytes read)
Nov 28 02:59:07 ip-192-168-29-250 systemd[1]: systemd 219 running in system mode. (+PAM +AUDIT +SELINUX +IMA -APPARMOR +SMACK +SYSVINIT +UTMP +LIBCRYPTSETUP +GCRYPT +GNUTLS +ACL +XZ +LZ4 -SECCOMP +BLKID +ELFUTILS +KMOD +IDN)
Nov 28 02:59:07 ip-192-168-29-250 systemd[1]: Detected virtualization amazon.
Nov 28 02:59:07 ip-192-168-29-250 systemd[1]: Detected architecture x86-64.
Nov 28 02:59:07 ip-192-168-29-250 systemd[1]: Running in initial RAM disk.
Nov 28 02:59:07 ip-192-168-29-250 systemd[1]: No hostname configured.
Nov 28 02:59:07 ip-192-168-29-250 systemd[1]: Set hostname to <localhost>.
Nov 28 02:59:07 ip-192-168-29-250 systemd[1]: Initializing machine ID from VM UUID.
Nov 28 02:59:07 ip-192-168-29-250 systemd[1]: Reached target Timers.
Nov 28 02:59:07 ip-192-168-29-250 systemd[1]: Reached target Swap.
Nov 28 02:59:07 ip-192-168-29-250 systemd[1]: Reached target Local File Systems.
Nov 28 02:59:07 ip-192-168-29-250 journal: Journal started
Nov 28 02:59:07 ip-192-168-29-250 systemd: Started Create Static Device Nodes in /dev.
Nov 28 02:59:07 ip-192-168-29-250 systemd: Starting udev Kernel Device Manager...
Nov 28 02:59:07 ip-192-168-29-250 systemd-udevd: starting version 219
Nov 28 02:59:07 ip-192-168-29-250 systemd-udevd: Network interface NamePolicy= disabled on kernel command line, ignoring.
Nov 28 02:59:07 ip-192-168-29-250 systemd: Started udev Kernel Device Manager.
Nov 28 02:59:07 ip-192-168-29-250 systemd: Starting udev Coldplug all Devices...
Nov 28 02:59:07 ip-192-168-29-250 systemd: Started udev Coldplug all Devices.
Nov 28 02:59:07 ip-192-168-29-250 systemd: Reached target System Initialization.
Nov 28 02:59:07 ip-192-168-29-250 systemd: Reached target Basic System.
Nov 28 02:59:07 ip-192-168-29-250 systemd: Starting dracut initqueue hook...
Nov 28 02:59:07 ip-192-168-29-250 systemd: Found device Amazon Elastic Block Store /.
Nov 28 02:59:07 ip-192-168-29-250 systemd: Starting File System Check on /dev/disk/by-uuid/c563a795-98f0-4dfb-8362-cf2e3ab8bbbd...
Nov 28 02:59:07 ip-192-168-29-250 systemd-fsck: fsck.xfs doesn't exist, not checking file system on /dev/disk/by-uuid/c563a795-98f0-4dfb-8362-cf2e3ab8bbbd
Nov 28 02:59:07 ip-192-168-29-250 systemd: Started File System Check on /dev/disk/by-uuid/c563a795-98f0-4dfb-8362-cf2e3ab8bbbd.
Nov 28 02:59:07 ip-192-168-29-250 systemd: Started dracut initqueue hook.
Nov 28 02:59:07 ip-192-168-29-250 systemd: Reached target Remote File Systems (Pre).
Nov 28 02:59:07 ip-192-168-29-250 systemd: Reached target Remote File Systems.
Nov 28 02:59:07 ip-192-168-29-250 systemd: Mounting /sysroot...
Nov 28 02:59:07 ip-192-168-29-250 kernel: XFS (nvme0n1p1): Mounting V5 Filesystem
Nov 28 02:59:07 ip-192-168-29-250 kernel: input: AT Translated Set 2 keyboard as /devices/platform/i8042/serio0/input/input0
Nov 28 02:59:08 ip-192-168-29-250 systemd: Mounted /sysroot.
Nov 28 02:59:08 ip-192-168-29-250 systemd: Reached target Initrd Root File System.
Nov 28 02:59:08 ip-192-168-29-250 systemd: Starting Reload Configuration from the Real Root...
Nov 28 02:59:08 ip-192-168-29-250 kernel: XFS (nvme0n1p1): Ending clean mount
Nov 28 02:59:08 ip-192-168-29-250 systemd: Reloading.
Nov 28 02:59:08 ip-192-168-29-250 systemd: Started Reload Configuration from the Real Root.
Nov 28 02:59:08 ip-192-168-29-250 systemd: Reached target Initrd File Systems.
Nov 28 02:59:08 ip-192-168-29-250 systemd: Reached target Initrd Default Target.
Nov 28 02:59:08 ip-192-168-29-250 systemd: Starting dracut pre-pivot and cleanup hook...
Nov 28 02:59:08 ip-192-168-29-250 systemd: Started dracut pre-pivot and cleanup hook.
Nov 28 02:59:08 ip-192-168-29-250 systemd: Starting Cleaning Up and Shutting Down Daemons...
Nov 28 02:59:08 ip-192-168-29-250 systemd: Stopped dracut pre-pivot and cleanup hook.
Nov 28 02:59:08 ip-192-168-29-250 systemd: Stopped target Timers.
Nov 28 02:59:08 ip-192-168-29-250 systemd: Stopped target Remote File Systems.
Nov 28 02:59:08 ip-192-168-29-250 systemd: Stopped target Remote File Systems (Pre).
Nov 28 02:59:08 ip-192-168-29-250 systemd: Stopped dracut initqueue hook.
Nov 28 02:59:08 ip-192-168-29-250 systemd: Stopped target Initrd Default Target.
Nov 28 02:59:08 ip-192-168-29-250 systemd: Stopped target Basic System.
Nov 28 02:59:08 ip-192-168-29-250 systemd: Stopped target Slices.
Nov 28 02:59:08 ip-192-168-29-250 systemd: Stopped target Sockets.
Nov 28 02:59:08 ip-192-168-29-250 systemd: Stopped target Paths.
Nov 28 02:59:08 ip-192-168-29-250 systemd: Stopped Dispatch Password Requests to Console Directory Watch.
Nov 28 02:59:08 ip-192-168-29-250 systemd: Stopped target System Initialization.
Nov 28 02:59:08 ip-192-168-29-250 systemd: Stopping udev Kernel Device Manager...
Nov 28 02:59:08 ip-192-168-29-250 systemd: Stopped udev Coldplug all Devices.
Nov 28 02:59:08 ip-192-168-29-250 systemd: Stopped target Swap.
Nov 28 02:59:08 ip-192-168-29-250 systemd: Stopped target Local File Systems.
Nov 28 02:59:08 ip-192-168-29-250 systemd: Stopped Apply Kernel Variables.
Nov 28 02:59:08 ip-192-168-29-250 systemd: Started Cleaning Up and Shutting Down Daemons.
Nov 28 02:59:08 ip-192-168-29-250 systemd: Stopped udev Kernel Device Manager.
Nov 28 02:59:08 ip-192-168-29-250 systemd: Stopped Create Static Device Nodes in /dev.
Nov 28 02:59:08 ip-192-168-29-250 systemd: Stopped Create list of required static device nodes for the current kernel.
Nov 28 02:59:08 ip-192-168-29-250 systemd: Closed udev Kernel Socket.
Nov 28 02:59:08 ip-192-168-29-250 systemd: Closed udev Control Socket.
Nov 28 02:59:08 ip-192-168-29-250 systemd: Starting Cleanup udevd DB...
Nov 28 02:59:08 ip-192-168-29-250 systemd: Started Cleanup udevd DB.
Nov 28 02:59:08 ip-192-168-29-250 systemd: Reached target Switch Root.
Nov 28 02:59:08 ip-192-168-29-250 systemd: Starting Switch Root...
Nov 28 02:59:08 ip-192-168-29-250 systemd: Switching root.
Nov 28 02:59:08 ip-192-168-29-250 journal: Journal stopped
Nov 28 02:59:08 ip-192-168-29-250 journal: Runtime journal is using 8.0M (max allowed 1.5G, trying to leave 2.3G free of 15.3G available → current limit 1.5G).
Nov 28 02:59:08 ip-192-168-29-250 systemd-journald[1023]: Received SIGTERM from PID 1 (systemd).
Nov 28 02:59:08 ip-192-168-29-250 kernel: printk: systemd: 16 output lines suppressed due to ratelimiting
Nov 28 02:59:08 ip-192-168-29-250 kernel: SELinux:  Disabled at runtime.
Nov 28 02:59:08 ip-192-168-29-250 kernel: audit: type=1404 audit(1669604348.592:2): enforcing=0 old_enforcing=0 auid=4294967295 ses=4294967295 enabled=0 old-enabled=1 lsm=selinux res=1
Nov 28 02:59:08 ip-192-168-29-250 kernel: random: systemd: uninitialized urandom read (16 bytes read)
Nov 28 02:59:08 ip-192-168-29-250 kernel: random: systemd: uninitialized urandom read (16 bytes read)
Nov 28 02:59:08 ip-192-168-29-250 kernel: random: systemd: uninitialized urandom read (16 bytes read)
Nov 28 02:59:08 ip-192-168-29-250 journal: Journal started
Nov 28 02:59:08 ip-192-168-29-250 systemd: systemd 219 running in system mode. (+PAM +AUDIT +SELINUX +IMA -APPARMOR +SMACK +SYSVINIT +UTMP +LIBCRYPTSETUP +GCRYPT +GNUTLS +ACL +XZ +LZ4 -SECCOMP +BLKID +ELFUTILS +KMOD +IDN)
Nov 28 02:59:08 ip-192-168-29-250 systemd: Detected virtualization amazon.
Nov 28 02:59:08 ip-192-168-29-250 systemd: Detected architecture x86-64.
Nov 28 02:59:08 ip-192-168-29-250 systemd: Initializing machine ID from VM UUID.
Nov 28 02:59:08 ip-192-168-29-250 systemd: Installed transient /etc/machine-id file.
Nov 28 02:59:08 ip-192-168-29-250 systemd: Cannot add dependency job for unit display-manager.service, ignoring: Unit not found.
Nov 28 02:59:08 ip-192-168-29-250 systemd: Started Create list of required static device nodes for the current kernel.
Nov 28 02:59:08 ip-192-168-29-250 systemd: Started Setup Virtual Console.
Nov 28 02:59:08 ip-192-168-29-250 systemd: Started Read and set NIS domainname from /etc/sysconfig/network.
Nov 28 02:59:08 ip-192-168-29-250 systemd: Starting Create Static Device Nodes in /dev...
Nov 28 02:59:08 ip-192-168-29-250 systemd: Started Remount Root and Kernel File Systems.
Nov 28 02:59:08 ip-192-168-29-250 systemd: Starting Flush Journal to Persistent Storage...
Nov 28 02:59:08 ip-192-168-29-250 systemd: Starting Configure read-only root support...
Nov 28 02:59:08 ip-192-168-29-250 kernel: xfs filesystem being remounted at / supports timestamps until 2038 (0x7fffffff)
Nov 28 02:59:08 ip-192-168-29-250 systemd: Starting udev Coldplug all Devices...
Nov 28 02:59:08 ip-192-168-29-250 systemd: Starting Relabel kernel modules early in the boot, if needed...
Nov 28 02:59:08 ip-192-168-29-250 systemd: Started LVM2 metadata daemon.
Nov 28 02:59:08 ip-192-168-29-250 systemd: Started Create Static Device Nodes in /dev.
Nov 28 02:59:08 ip-192-168-29-250 systemd: Started Relabel kernel modules early in the boot, if needed.
Nov 28 02:59:08 ip-192-168-29-250 systemd: Starting Load Kernel Modules...
Nov 28 02:59:08 ip-192-168-29-250 systemd: Starting udev Kernel Device Manager...
Nov 28 02:59:08 ip-192-168-29-250 journal: Permanent journal is using 8.0M (max allowed 818.0M, trying to leave 1.1G free of 4.5G available → current limit 818.0M).
Nov 28 02:59:08 ip-192-168-29-250 journal: Time spent on flushing to /var is 2.701ms for 581 entries.
Nov 28 02:59:08 ip-192-168-29-250 systemd: Started udev Coldplug all Devices.
Nov 28 02:59:08 ip-192-168-29-250 systemd-udevd: starting version 219
Nov 28 02:59:08 ip-192-168-29-250 systemd-udevd: Network interface NamePolicy= disabled on kernel command line, ignoring.
Nov 28 02:59:08 ip-192-168-29-250 systemd: Started Configure read-only root support.
Nov 28 02:59:08 ip-192-168-29-250 systemd: Starting Load/Save Random Seed...
Nov 28 02:59:08 ip-192-168-29-250 systemd: Started Load/Save Random Seed.
Nov 28 02:59:08 ip-192-168-29-250 systemd-modules-load: Inserted module 'overlay'
Nov 28 02:59:08 ip-192-168-29-250 systemd: Started Flush Journal to Persistent Storage.
Nov 28 02:59:08 ip-192-168-29-250 systemd: Started udev Kernel Device Manager.
Nov 28 02:59:08 ip-192-168-29-250 kernel: bridge: filtering via arp/ip/ip6tables is no longer available by default. Update your scripts to load br_netfilter if you need this.
Nov 28 02:59:08 ip-192-168-29-250 systemd-modules-load: Inserted module 'br_netfilter'
Nov 28 02:59:08 ip-192-168-29-250 kernel: Bridge firewalling registered
Nov 28 02:59:08 ip-192-168-29-250 systemd: Found device /dev/ttyS0.
Nov 28 02:59:08 ip-192-168-29-250 kernel: ena 0000:00:05.0: Elastic Network Adapter (ENA) v2.8.0g
Nov 28 02:59:08 ip-192-168-29-250 kernel: input: Power Button as /devices/LNXSYSTM:00/LNXPWRBN:00/input/input3
Nov 28 02:59:08 ip-192-168-29-250 kernel: ACPI: Power Button [PWRF]
Nov 28 02:59:09 ip-192-168-29-250 kernel: ena 0000:00:05.0: ENA device version: 0.10
Nov 28 02:59:09 ip-192-168-29-250 kernel: input: Sleep Button as /devices/LNXSYSTM:00/LNXSLPBN:00/input/input5
Nov 28 02:59:09 ip-192-168-29-250 kernel: ena 0000:00:05.0: ENA controller version: 0.0.1 implementation version 1
Nov 28 02:59:09 ip-192-168-29-250 kernel: input: ImPS/2 Generic Wheel Mouse as /devices/platform/i8042/serio1/input/input4
Nov 28 02:59:09 ip-192-168-29-250 kernel: ACPI: Sleep Button [SLPF]
Nov 28 02:59:09 ip-192-168-29-250 kernel: cryptd: max_cpu_qlen set to 1000
Nov 28 02:59:09 ip-192-168-29-250 kernel: mousedev: PS/2 mouse device common for all mice
Nov 28 02:59:09 ip-192-168-29-250 kernel: AVX2 version of gcm_enc/dec engaged.
Nov 28 02:59:09 ip-192-168-29-250 kernel: AES CTR mode by8 optimization enabled
Nov 28 02:59:09 ip-192-168-29-250 kernel: ena 0000:00:05.0: Elastic Network Adapter (ENA) found at mem febf4000, mac addr 06:c9:48:db:75:c8
Nov 28 02:59:09 ip-192-168-29-250 systemd-modules-load: Inserted module 'ena'
Nov 28 02:59:09 ip-192-168-29-250 systemd: Started Load Kernel Modules.
Nov 28 02:59:09 ip-192-168-29-250 systemd: Starting Apply Kernel Variables...
Nov 28 02:59:09 ip-192-168-29-250 systemd: Started Apply Kernel Variables.
Nov 28 02:59:09 ip-192-168-29-250 systemd: Started Monitoring of LVM2 mirrors, snapshots etc. using dmeventd or progress polling.
Nov 28 02:59:09 ip-192-168-29-250 systemd: Reached target Local File Systems (Pre).
Nov 28 02:59:09 ip-192-168-29-250 systemd: Reached target Local File Systems.
Nov 28 02:59:09 ip-192-168-29-250 systemd: Starting Commit a transient machine-id on disk...
Nov 28 02:59:09 ip-192-168-29-250 systemd: Starting Preprocess NFS configuration...
Nov 28 02:59:09 ip-192-168-29-250 systemd: Starting Create Volatile Files and Directories...
Nov 28 02:59:09 ip-192-168-29-250 systemd: Started Commit a transient machine-id on disk.
Nov 28 02:59:09 ip-192-168-29-250 systemd: Started Preprocess NFS configuration.
Nov 28 02:59:09 ip-192-168-29-250 systemd: Started Create Volatile Files and Directories.
Nov 28 02:59:09 ip-192-168-29-250 systemd: Starting Security Auditing Service...
Nov 28 02:59:09 ip-192-168-29-250 systemd: Mounting RPC Pipe File System...
Nov 28 02:59:09 ip-192-168-29-250 kernel: RPC: Registered named UNIX socket transport module.
Nov 28 02:59:09 ip-192-168-29-250 kernel: RPC: Registered udp transport module.
Nov 28 02:59:09 ip-192-168-29-250 kernel: RPC: Registered tcp transport module.
Nov 28 02:59:09 ip-192-168-29-250 kernel: RPC: Registered tcp NFSv4.1 backchannel transport module.
Nov 28 02:59:09 ip-192-168-29-250 auditd[3420]: Started dispatcher: /sbin/audispd pid: 3429
Nov 28 02:59:09 ip-192-168-29-250 auditd[3420]: Init complete, auditd 2.8.1 listening for events (startup state enable)
Nov 28 02:59:09 ip-192-168-29-250 audispd: No plugins found, exiting
Nov 28 02:59:09 ip-192-168-29-250 systemd: Mounted RPC Pipe File System.
Nov 28 02:59:09 ip-192-168-29-250 systemd: Reached target rpc_pipefs.target.
Nov 28 02:59:09 ip-192-168-29-250 augenrules: /sbin/augenrules: No change
Nov 28 02:59:09 ip-192-168-29-250 augenrules: No rules
Nov 28 02:59:09 ip-192-168-29-250 augenrules: enabled 1
Nov 28 02:59:09 ip-192-168-29-250 augenrules: failure 1
Nov 28 02:59:09 ip-192-168-29-250 augenrules: pid 3420
Nov 28 02:59:09 ip-192-168-29-250 augenrules: rate_limit 0
Nov 28 02:59:09 ip-192-168-29-250 augenrules: backlog_limit 8192
Nov 28 02:59:09 ip-192-168-29-250 augenrules: lost 0
Nov 28 02:59:09 ip-192-168-29-250 augenrules: backlog 1
Nov 28 02:59:09 ip-192-168-29-250 augenrules: backlog_wait_time 15000
Nov 28 02:59:09 ip-192-168-29-250 augenrules: enabled 1
Nov 28 02:59:09 ip-192-168-29-250 augenrules: failure 1
Nov 28 02:59:09 ip-192-168-29-250 augenrules: pid 3420
Nov 28 02:59:09 ip-192-168-29-250 augenrules: rate_limit 0
Nov 28 02:59:09 ip-192-168-29-250 augenrules: backlog_limit 8192
Nov 28 02:59:09 ip-192-168-29-250 augenrules: lost 0
Nov 28 02:59:09 ip-192-168-29-250 augenrules: backlog 1
Nov 28 02:59:09 ip-192-168-29-250 augenrules: backlog_wait_time 15000
Nov 28 02:59:09 ip-192-168-29-250 systemd: Started Security Auditing Service.
Nov 28 02:59:09 ip-192-168-29-250 systemd: Starting Update UTMP about System Boot/Shutdown...
Nov 28 02:59:09 ip-192-168-29-250 systemd: Started Update UTMP about System Boot/Shutdown.
Nov 28 02:59:09 ip-192-168-29-250 systemd: Reached target System Initialization.
Nov 28 02:59:09 ip-192-168-29-250 systemd: Listening on D-Bus System Message Bus Socket.
Nov 28 02:59:09 ip-192-168-29-250 systemd: Started Flexible branding.
Nov 28 02:59:09 ip-192-168-29-250 systemd: Reached target Paths.
Nov 28 02:59:09 ip-192-168-29-250 systemd: Listening on RPCbind Server Activation Socket.
Nov 28 02:59:09 ip-192-168-29-250 systemd: Starting RPC bind service...
Nov 28 02:59:09 ip-192-168-29-250 systemd: Reached target Sockets.
Nov 28 02:59:09 ip-192-168-29-250 systemd: Reached target Basic System.
Nov 28 02:59:09 ip-192-168-29-250 systemd: Starting Initial cloud-init job (pre-networking)...
Nov 28 02:59:09 ip-192-168-29-250 systemd: Started irqbalance daemon.
Nov 28 02:59:09 ip-192-168-29-250 systemd: Starting Dump dmesg to /var/log/dmesg...
Nov 28 02:59:09 ip-192-168-29-250 systemd: Starting GSSAPI Proxy Daemon...
Nov 28 02:59:09 ip-192-168-29-250 systemd: Starting Hardware RNG Entropy Gatherer Wake threshold service...
Nov 28 02:59:09 ip-192-168-29-250 systemd: Started D-Bus System Message Bus.
Nov 28 02:59:09 ip-192-168-29-250 systemd: Starting NTP client/server...
Nov 28 02:59:09 ip-192-168-29-250 systemd: Starting Login Service...
Nov 28 02:59:09 ip-192-168-29-250 systemd: Started Daily Cleanup of Temporary Directories.
Nov 28 02:59:09 ip-192-168-29-250 kernel: xfs filesystem being remounted at /tmp supports timestamps until 2038 (0x7fffffff)
Nov 28 02:59:09 ip-192-168-29-250 kernel: xfs filesystem being remounted at /var/tmp supports timestamps until 2038 (0x7fffffff)
Nov 28 02:59:09 ip-192-168-29-250 systemd: Reached target Timers.
Nov 28 02:59:09 ip-192-168-29-250 systemd: Started RPC bind service.
Nov 28 02:59:09 ip-192-168-29-250 systemd: Started Dump dmesg to /var/log/dmesg.
Nov 28 02:59:09 ip-192-168-29-250 systemd: Started Hardware RNG Entropy Gatherer Wake threshold service.
Nov 28 02:59:09 ip-192-168-29-250 systemd-logind: Watching system buttons on /dev/input/event1 (Power Button)
Nov 28 02:59:09 ip-192-168-29-250 systemd-logind: Watching system buttons on /dev/input/event3 (Sleep Button)
Nov 28 02:59:09 ip-192-168-29-250 systemd: Started Hardware RNG Entropy Gatherer Daemon.
Nov 28 02:59:09 ip-192-168-29-250 systemd-logind: New seat seat0.
Nov 28 02:59:09 ip-192-168-29-250 systemd: Started Login Service.
Nov 28 02:59:09 ip-192-168-29-250 chronyd[3801]: chronyd version 4.2 starting (+CMDMON +NTP +REFCLOCK +RTC +PRIVDROP +SCFILTER +SIGND +ASYNCDNS -NTS +SECHASH +IPV6 +DEBUG)
Nov 28 02:59:09 ip-192-168-29-250 chronyd[3801]: Frequency 32.013 +/- 0.136 ppm read from /var/lib/chrony/drift
Nov 28 02:59:09 ip-192-168-29-250 chronyd[3801]: Loaded seccomp filter (level 2)
Nov 28 02:59:09 ip-192-168-29-250 systemd: Started NTP client/server.
Nov 28 02:59:09 ip-192-168-29-250 rngd: Disabling 5: JITTER Entropy generator (jitter)
Nov 28 02:59:09 ip-192-168-29-250 rngd: Initializing available sources
Nov 28 02:59:09 ip-192-168-29-250 rngd: Failed to init entropy source hwrng
Nov 28 02:59:09 ip-192-168-29-250 rngd: Enabling RDSEED rng support
Nov 28 02:59:09 ip-192-168-29-250 rngd: Initializing entropy source rdrand
Nov 28 02:59:09 ip-192-168-29-250 kernel: random: crng init done
Nov 28 02:59:09 ip-192-168-29-250 kernel: random: 401 urandom warning(s) missed due to ratelimiting
Nov 28 02:59:09 ip-192-168-29-250 systemd: Started GSSAPI Proxy Daemon.
Nov 28 02:59:09 ip-192-168-29-250 systemd: Reached target NFS client services.
Nov 28 02:59:09 ip-192-168-29-250 systemd: Reached target Remote File Systems (Pre).
Nov 28 02:59:09 ip-192-168-29-250 systemd: Reached target Remote File Systems.
Nov 28 02:59:10 ip-192-168-29-250 cloud-init: Cloud-init v. 19.3-46.amzn2 running 'init-local' at Mon, 28 Nov 2022 02:59:10 +0000. Up 4.23 seconds.
Nov 28 02:59:10 ip-192-168-29-250 systemd: Started Initial cloud-init job (pre-networking).
Nov 28 02:59:10 ip-192-168-29-250 systemd: Reached target Network (Pre).
Nov 28 02:59:10 ip-192-168-29-250 systemd: Starting LSB: Bring up/down networking...
Nov 28 02:59:10 ip-192-168-29-250 network: Bringing up loopback interface:  /etc/sysconfig/network-scripts/ifup-post: line 54: /etc/resolv.conf: No such file or directory
Nov 28 02:59:10 ip-192-168-29-250 network: /etc/sysconfig/network-scripts/ifup-post: line 119: /etc/resolv.conf: No such file or directory
Nov 28 02:59:10 ip-192-168-29-250 network: cp: cannot stat ‘/etc/resolv.conf’: No such file or directory
Nov 28 02:59:10 ip-192-168-29-250 NET[4066]: /etc/sysconfig/network-scripts/ifup-post : updated /etc/resolv.conf
Nov 28 02:59:10 ip-192-168-29-250 network: [  OK  ]
Nov 28 02:59:10 ip-192-168-29-250 network: Bringing up interface eth0:
Nov 28 02:59:10 ip-192-168-29-250 kernel: ena 0000:00:05.0 eth0: Local page cache is disabled for less than 16 channels
Nov 28 02:59:10 ip-192-168-29-250 dhclient[4085]: DHCPDISCOVER on eth0 to 255.255.255.255 port 67 interval 8 (xid=0x494f3aaf)
Nov 28 02:59:10 ip-192-168-29-250 dhclient[4085]: DHCPREQUEST on eth0 to 255.255.255.255 port 67 (xid=0x494f3aaf)
Nov 28 02:59:10 ip-192-168-29-250 dhclient[4085]: DHCPOFFER from 192.168.0.1
Nov 28 02:59:10 ip-192-168-29-250 dhclient[4085]: DHCPACK from 192.168.0.1 (xid=0x494f3aaf)
Nov 28 02:59:10 ip-192-168-29-250 NET: dhclient: Locked /run/dhclient/resolv.lock
Nov 28 02:59:10 ip-192-168-29-250 NET[4157]: /usr/sbin/dhclient-script : updated /etc/resolv.conf
Nov 28 02:59:10 ip-192-168-29-250 dhclient[4085]: bound to 192.168.29.250 -- renewal in 1786 seconds.
Nov 28 02:59:10 ip-192-168-29-250 network: Determining IP information for eth0... done.
Nov 28 02:59:10 ip-192-168-29-250 network: Determining IPv6 information for eth0... done.
Nov 28 02:59:10 ip-192-168-29-250 network: [  OK  ]
Nov 28 02:59:10 ip-192-168-29-250 systemd: Started LSB: Bring up/down networking.
Nov 28 02:59:10 ip-192-168-29-250 systemd: Starting Initial cloud-init job (metadata service crawler)...
Nov 28 02:59:10 ip-192-168-29-250 systemd: Reached target Network.
Nov 28 02:59:10 ip-192-168-29-250 systemd: Starting Postfix Mail Transport Agent...
Nov 28 02:59:10 ip-192-168-29-250 systemd: Starting containerd container runtime...
Nov 28 02:59:10 ip-192-168-29-250 cloud-init: Cloud-init v. 19.3-46.amzn2 running 'init' at Mon, 28 Nov 2022 02:59:10 +0000. Up 4.80 seconds.
Nov 28 02:59:10 ip-192-168-29-250 cloud-init: ci-info: ++++++++++++++++++++++++++++++++++++++Net device info+++++++++++++++++++++++++++++++++++++++
Nov 28 02:59:10 ip-192-168-29-250 cloud-init: ci-info: +--------+------+-----------------------------+---------------+--------+-------------------+
Nov 28 02:59:10 ip-192-168-29-250 cloud-init: ci-info: | Device |  Up  |           Address           |      Mask     | Scope  |     Hw-Address    |
Nov 28 02:59:10 ip-192-168-29-250 cloud-init: ci-info: +--------+------+-----------------------------+---------------+--------+-------------------+
Nov 28 02:59:10 ip-192-168-29-250 cloud-init: ci-info: |  eth0  | True |        192.168.29.250       | 255.255.224.0 | global | 06:c9:48:db:75:c8 |
Nov 28 02:59:10 ip-192-168-29-250 cloud-init: ci-info: |  eth0  | True | fe80::4c9:48ff:fedb:75c8/64 |       .       |  link  | 06:c9:48:db:75:c8 |
Nov 28 02:59:10 ip-192-168-29-250 cloud-init: ci-info: |   lo   | True |          127.0.0.1          |   255.0.0.0   |  host  |         .         |
Nov 28 02:59:10 ip-192-168-29-250 cloud-init: ci-info: |   lo   | True |           ::1/128           |       .       |  host  |         .         |
Nov 28 02:59:10 ip-192-168-29-250 cloud-init: ci-info: +--------+------+-----------------------------+---------------+--------+-------------------+
Nov 28 02:59:10 ip-192-168-29-250 cloud-init: ci-info: ++++++++++++++++++++++++++++++++Route IPv4 info++++++++++++++++++++++++++++++++
Nov 28 02:59:10 ip-192-168-29-250 cloud-init: ci-info: +-------+-----------------+-------------+-----------------+-----------+-------+
Nov 28 02:59:10 ip-192-168-29-250 cloud-init: ci-info: | Route |   Destination   |   Gateway   |     Genmask     | Interface | Flags |
Nov 28 02:59:10 ip-192-168-29-250 cloud-init: ci-info: +-------+-----------------+-------------+-----------------+-----------+-------+
Nov 28 02:59:10 ip-192-168-29-250 cloud-init: ci-info: |   0   |     0.0.0.0     | 192.168.0.1 |     0.0.0.0     |    eth0   |   UG  |
Nov 28 02:59:10 ip-192-168-29-250 cloud-init: ci-info: |   1   | 169.254.169.254 |   0.0.0.0   | 255.255.255.255 |    eth0   |   UH  |
Nov 28 02:59:10 ip-192-168-29-250 cloud-init: ci-info: |   2   |   192.168.0.0   |   0.0.0.0   |  255.255.224.0  |    eth0   |   U   |
Nov 28 02:59:10 ip-192-168-29-250 cloud-init: ci-info: +-------+-----------------+-------------+-----------------+-----------+-------+
Nov 28 02:59:10 ip-192-168-29-250 cloud-init: ci-info: +++++++++++++++++++Route IPv6 info+++++++++++++++++++
Nov 28 02:59:10 ip-192-168-29-250 cloud-init: ci-info: +-------+-------------+---------+-----------+-------+
Nov 28 02:59:10 ip-192-168-29-250 cloud-init: ci-info: | Route | Destination | Gateway | Interface | Flags |
Nov 28 02:59:10 ip-192-168-29-250 cloud-init: ci-info: +-------+-------------+---------+-----------+-------+
Nov 28 02:59:10 ip-192-168-29-250 cloud-init: ci-info: |   9   |  fe80::/64  |    ::   |    eth0   |   U   |
Nov 28 02:59:10 ip-192-168-29-250 cloud-init: ci-info: |   11  |    local    |    ::   |    eth0   |   U   |
Nov 28 02:59:10 ip-192-168-29-250 cloud-init: ci-info: |   12  |  multicast  |    ::   |    eth0   |   U   |
Nov 28 02:59:10 ip-192-168-29-250 cloud-init: ci-info: +-------+-------------+---------+-----------+-------+
Nov 28 02:59:10 ip-192-168-29-250 systemd: Started Postfix Mail Transport Agent.
Nov 28 02:59:10 ip-192-168-29-250 dbus[3645]: [system] Activating via systemd: service name='org.freedesktop.hostname1' unit='dbus-org.freedesktop.hostname1.service'
Nov 28 02:59:10 ip-192-168-29-250 systemd: Starting Hostname Service...
Nov 28 02:59:10 ip-192-168-29-250 kernel: xfs filesystem being remounted at /tmp supports timestamps until 2038 (0x7fffffff)
Nov 28 02:59:10 ip-192-168-29-250 kernel: xfs filesystem being remounted at /var/tmp supports timestamps until 2038 (0x7fffffff)
Nov 28 02:59:10 ip-192-168-29-250 dbus[3645]: [system] Successfully activated service 'org.freedesktop.hostname1'
Nov 28 02:59:10 ip-192-168-29-250 systemd: Started Hostname Service.
Nov 28 02:59:10 ip-192-168-29-250 systemd-hostnamed: Changed static host name to 'ip-192-168-29-250.us-east-2.compute.internal'
Nov 28 02:59:10 ip-192-168-29-250 systemd-hostnamed: Changed host name to 'ip-192-168-29-250.us-east-2.compute.internal'
Nov 28 02:59:10 ip-192-168-29-250 containerd: time="2022-11-28T02:59:10.938873079Z" level=info msg="starting containerd" revision=10c12954828e7c7c9b6e0ea9b0c02b01407d3ae1 version=1.6.6
Nov 28 02:59:10 ip-192-168-29-250 containerd: time="2022-11-28T02:59:10.958061065Z" level=info msg="loading plugin \"io.containerd.content.v1.content\"..." type=io.containerd.content.v1
Nov 28 02:59:10 ip-192-168-29-250 containerd: time="2022-11-28T02:59:10.959331914Z" level=info msg="loading plugin \"io.containerd.snapshotter.v1.aufs\"..." type=io.containerd.snapshotter.v1
Nov 28 02:59:10 ip-192-168-29-250 containerd: time="2022-11-28T02:59:10.962263931Z" level=info msg="skip loading plugin \"io.containerd.snapshotter.v1.aufs\"..." error="aufs is not supported (modprobe aufs failed: exit status 1 \"modprobe: FATAL: Module aufs not found in directory /lib/modules/5.4.219-126.411.amzn2.x86_64\\n\"): skip plugin" type=io.containerd.snapshotter.v1
Nov 28 02:59:10 ip-192-168-29-250 containerd: time="2022-11-28T02:59:10.965969492Z" level=info msg="loading plugin \"io.containerd.snapshotter.v1.btrfs\"..." type=io.containerd.snapshotter.v1
Nov 28 02:59:10 ip-192-168-29-250 containerd: time="2022-11-28T02:59:10.967285420Z" level=info msg="skip loading plugin \"io.containerd.snapshotter.v1.btrfs\"..." error="path /var/lib/containerd/io.containerd.snapshotter.v1.btrfs (xfs) must be a btrfs filesystem to be used with the btrfs snapshotter: skip plugin" type=io.containerd.snapshotter.v1
Nov 28 02:59:10 ip-192-168-29-250 containerd: time="2022-11-28T02:59:10.967306199Z" level=info msg="loading plugin \"io.containerd.snapshotter.v1.devmapper\"..." type=io.containerd.snapshotter.v1
Nov 28 02:59:10 ip-192-168-29-250 containerd: time="2022-11-28T02:59:10.967315489Z" level=warning msg="failed to load plugin io.containerd.snapshotter.v1.devmapper" error="devmapper not configured"
Nov 28 02:59:10 ip-192-168-29-250 containerd: time="2022-11-28T02:59:10.967322449Z" level=info msg="loading plugin \"io.containerd.snapshotter.v1.native\"..." type=io.containerd.snapshotter.v1
Nov 28 02:59:10 ip-192-168-29-250 containerd: time="2022-11-28T02:59:10.968626987Z" level=info msg="loading plugin \"io.containerd.snapshotter.v1.overlayfs\"..." type=io.containerd.snapshotter.v1
Nov 28 02:59:10 ip-192-168-29-250 containerd: time="2022-11-28T02:59:10.970377291Z" level=info msg="loading plugin \"io.containerd.snapshotter.v1.zfs\"..." type=io.containerd.snapshotter.v1
Nov 28 02:59:10 ip-192-168-29-250 containerd: time="2022-11-28T02:59:10.972258301Z" level=info msg="skip loading plugin \"io.containerd.snapshotter.v1.zfs\"..." error="path /var/lib/containerd/io.containerd.snapshotter.v1.zfs must be a zfs filesystem to be used with the zfs snapshotter: skip plugin" type=io.containerd.snapshotter.v1
Nov 28 02:59:10 ip-192-168-29-250 containerd: time="2022-11-28T02:59:10.972279160Z" level=info msg="loading plugin \"io.containerd.metadata.v1.bolt\"..." type=io.containerd.metadata.v1
Nov 28 02:59:10 ip-192-168-29-250 containerd: time="2022-11-28T02:59:10.972298709Z" level=warning msg="could not use snapshotter devmapper in metadata plugin" error="devmapper not configured"
Nov 28 02:59:10 ip-192-168-29-250 containerd: time="2022-11-28T02:59:10.972306689Z" level=info msg="metadata content store policy set" policy=shared
Nov 28 02:59:10 ip-192-168-29-250 containerd: time="2022-11-28T02:59:10.979408552Z" level=info msg="loading plugin \"io.containerd.differ.v1.walking\"..." type=io.containerd.differ.v1
Nov 28 02:59:10 ip-192-168-29-250 containerd: time="2022-11-28T02:59:10.979431811Z" level=info msg="loading plugin \"io.containerd.event.v1.exchange\"..." type=io.containerd.event.v1
Nov 28 02:59:10 ip-192-168-29-250 containerd: time="2022-11-28T02:59:10.979441101Z" level=info msg="loading plugin \"io.containerd.gc.v1.scheduler\"..." type=io.containerd.gc.v1
Nov 28 02:59:10 ip-192-168-29-250 containerd: time="2022-11-28T02:59:10.979466270Z" level=info msg="loading plugin \"io.containerd.service.v1.introspection-service\"..." type=io.containerd.service.v1
Nov 28 02:59:10 ip-192-168-29-250 containerd: time="2022-11-28T02:59:10.979475810Z" level=info msg="loading plugin \"io.containerd.service.v1.containers-service\"..." type=io.containerd.service.v1
Nov 28 02:59:10 ip-192-168-29-250 containerd: time="2022-11-28T02:59:10.979485409Z" level=info msg="loading plugin \"io.containerd.service.v1.content-service\"..." type=io.containerd.service.v1
Nov 28 02:59:10 ip-192-168-29-250 containerd: time="2022-11-28T02:59:10.979494229Z" level=info msg="loading plugin \"io.containerd.service.v1.diff-service\"..." type=io.containerd.service.v1
Nov 28 02:59:10 ip-192-168-29-250 containerd: time="2022-11-28T02:59:10.979503109Z" level=info msg="loading plugin \"io.containerd.service.v1.images-service\"..." type=io.containerd.service.v1
Nov 28 02:59:10 ip-192-168-29-250 containerd: time="2022-11-28T02:59:10.979512009Z" level=info msg="loading plugin \"io.containerd.service.v1.leases-service\"..." type=io.containerd.service.v1
Nov 28 02:59:10 ip-192-168-29-250 containerd: time="2022-11-28T02:59:10.979521208Z" level=info msg="loading plugin \"io.containerd.service.v1.namespaces-service\"..." type=io.containerd.service.v1
Nov 28 02:59:10 ip-192-168-29-250 containerd: time="2022-11-28T02:59:10.979529738Z" level=info msg="loading plugin \"io.containerd.service.v1.snapshots-service\"..." type=io.containerd.service.v1
Nov 28 02:59:10 ip-192-168-29-250 containerd: time="2022-11-28T02:59:10.979538218Z" level=info msg="loading plugin \"io.containerd.runtime.v1.linux\"..." type=io.containerd.runtime.v1
Nov 28 02:59:10 ip-192-168-29-250 containerd: time="2022-11-28T02:59:10.981157056Z" level=info msg="loading plugin \"io.containerd.runtime.v2.task\"..." type=io.containerd.runtime.v2
Nov 28 02:59:10 ip-192-168-29-250 containerd: time="2022-11-28T02:59:10.982350188Z" level=info msg="loading plugin \"io.containerd.monitor.v1.cgroups\"..." type=io.containerd.monitor.v1
Nov 28 02:59:10 ip-192-168-29-250 containerd: time="2022-11-28T02:59:10.985599964Z" level=info msg="loading plugin \"io.containerd.service.v1.tasks-service\"..." type=io.containerd.service.v1
Nov 28 02:59:10 ip-192-168-29-250 containerd: time="2022-11-28T02:59:10.985627883Z" level=info msg="loading plugin \"io.containerd.grpc.v1.introspection\"..." type=io.containerd.grpc.v1
Nov 28 02:59:10 ip-192-168-29-250 containerd: time="2022-11-28T02:59:10.985638573Z" level=info msg="loading plugin \"io.containerd.internal.v1.restart\"..." type=io.containerd.internal.v1
Nov 28 02:59:10 ip-192-168-29-250 containerd: time="2022-11-28T02:59:10.987479144Z" level=info msg="loading plugin \"io.containerd.grpc.v1.containers\"..." type=io.containerd.grpc.v1
Nov 28 02:59:10 ip-192-168-29-250 containerd: time="2022-11-28T02:59:10.987493004Z" level=info msg="loading plugin \"io.containerd.grpc.v1.content\"..." type=io.containerd.grpc.v1
Nov 28 02:59:10 ip-192-168-29-250 containerd: time="2022-11-28T02:59:10.987501683Z" level=info msg="loading plugin \"io.containerd.grpc.v1.diff\"..." type=io.containerd.grpc.v1
Nov 28 02:59:10 ip-192-168-29-250 containerd: time="2022-11-28T02:59:10.987508973Z" level=info msg="loading plugin \"io.containerd.grpc.v1.events\"..." type=io.containerd.grpc.v1
Nov 28 02:59:10 ip-192-168-29-250 containerd: time="2022-11-28T02:59:10.987517793Z" level=info msg="loading plugin \"io.containerd.grpc.v1.healthcheck\"..." type=io.containerd.grpc.v1
Nov 28 02:59:10 ip-192-168-29-250 containerd: time="2022-11-28T02:59:10.987527692Z" level=info msg="loading plugin \"io.containerd.grpc.v1.images\"..." type=io.containerd.grpc.v1
Nov 28 02:59:10 ip-192-168-29-250 containerd: time="2022-11-28T02:59:10.987535402Z" level=info msg="loading plugin \"io.containerd.grpc.v1.leases\"..." type=io.containerd.grpc.v1
Nov 28 02:59:10 ip-192-168-29-250 containerd: time="2022-11-28T02:59:10.987543152Z" level=info msg="loading plugin \"io.containerd.grpc.v1.namespaces\"..." type=io.containerd.grpc.v1
Nov 28 02:59:10 ip-192-168-29-250 containerd: time="2022-11-28T02:59:10.987562411Z" level=info msg="loading plugin \"io.containerd.internal.v1.opt\"..." type=io.containerd.internal.v1
Nov 28 02:59:10 ip-192-168-29-250 containerd: time="2022-11-28T02:59:10.991885393Z" level=info msg="loading plugin \"io.containerd.grpc.v1.snapshots\"..." type=io.containerd.grpc.v1
Nov 28 02:59:10 ip-192-168-29-250 containerd: time="2022-11-28T02:59:10.991915772Z" level=info msg="loading plugin \"io.containerd.grpc.v1.tasks\"..." type=io.containerd.grpc.v1
Nov 28 02:59:10 ip-192-168-29-250 containerd: time="2022-11-28T02:59:10.991927282Z" level=info msg="loading plugin \"io.containerd.grpc.v1.version\"..." type=io.containerd.grpc.v1
Nov 28 02:59:10 ip-192-168-29-250 containerd: time="2022-11-28T02:59:10.991949131Z" level=info msg="loading plugin \"io.containerd.tracing.processor.v1.otlp\"..." type=io.containerd.tracing.processor.v1
Nov 28 02:59:10 ip-192-168-29-250 containerd: time="2022-11-28T02:59:10.991960690Z" level=info msg="skip loading plugin \"io.containerd.tracing.processor.v1.otlp\"..." error="no OpenTelemetry endpoint: skip plugin" type=io.containerd.tracing.processor.v1
Nov 28 02:59:10 ip-192-168-29-250 containerd: time="2022-11-28T02:59:10.991969360Z" level=info msg="loading plugin \"io.containerd.internal.v1.tracing\"..." type=io.containerd.internal.v1
Nov 28 02:59:10 ip-192-168-29-250 containerd: time="2022-11-28T02:59:10.991985469Z" level=error msg="failed to initialize a tracing processor \"otlp\"" error="no OpenTelemetry endpoint: skip plugin"
Nov 28 02:59:10 ip-192-168-29-250 containerd: time="2022-11-28T02:59:10.992013639Z" level=info msg="loading plugin \"io.containerd.grpc.v1.cri\"..." type=io.containerd.grpc.v1
Nov 28 02:59:10 ip-192-168-29-250 containerd: time="2022-11-28T02:59:10.992188413Z" level=info msg="Start cri plugin with config {PluginConfig:{ContainerdConfig:{Snapshotter:overlayfs DefaultRuntimeName:runc DefaultRuntime:{Type: Path: Engine: PodAnnotations:[] ContainerAnnotations:[] Root: Options:map[] PrivilegedWithoutHostDevices:false BaseRuntimeSpec: NetworkPluginConfDir: NetworkPluginMaxConfNum:0} UntrustedWorkloadRuntime:{Type: Path: Engine: PodAnnotations:[] ContainerAnnotations:[] Root: Options:map[] PrivilegedWithoutHostDevices:false BaseRuntimeSpec: NetworkPluginConfDir: NetworkPluginMaxConfNum:0} Runtimes:map[runc:{Type:io.containerd.runc.v2 Path: Engine: PodAnnotations:[] ContainerAnnotations:[] Root: Options:map[SystemdCgroup:true] PrivilegedWithoutHostDevices:false BaseRuntimeSpec: NetworkPluginConfDir: NetworkPluginMaxConfNum:0}] NoPivot:false DisableSnapshotAnnotations:true DiscardUnpackedLayers:false IgnoreRdtNotEnabledErrors:false} CniConfig:{NetworkPluginBinDir:/opt/cni/bin NetworkPluginConfDir:/etc/cni/net.d NetworkPluginMaxConfNum:1 NetworkPluginConfTemplate: IPPreference:} Registry:{ConfigPath:/etc/containerd/certs.d:/etc/docker/certs.d Mirrors:map[] Configs:map[] Auths:map[] Headers:map[]} ImageDecryption:{KeyModel:node} DisableTCPService:true StreamServerAddress:127.0.0.1 StreamServerPort:0 StreamIdleTimeout:4h0m0s EnableSelinux:false SelinuxCategoryRange:1024 SandboxImage:602401143452.dkr.ecr.us-west-2.amazonaws.com/eks/pause:3.5 StatsCollectPeriod:10 SystemdCgroup:false EnableTLSStreaming:false X509KeyPairStreaming:{TLSCertFile: TLSKeyFile:} MaxContainerLogLineSize:16384 DisableCgroup:false DisableApparmor:false RestrictOOMScoreAdj:false MaxConcurrentDownloads:3 DisableProcMount:false UnsetSeccompProfile: TolerateMissingHugetlbController:true DisableHugetlbController:true DeviceOwnershipFromSecurityContext:false IgnoreImageDefinedVolumes:false NetNSMountsUnderStateDir:false EnableUnprivilegedPorts:false EnableUnprivilegedICMP:false} ContainerdRootDir:/var/lib/containerd ContainerdEndpoint:/run/containerd/containerd.sock RootDir:/var/lib/containerd/io.containerd.grpc.v1.cri StateDir:/run/containerd/io.containerd.grpc.v1.cri}"
Nov 28 02:59:10 ip-192-168-29-250 containerd: time="2022-11-28T02:59:10.992235572Z" level=info msg="Connect containerd service"
Nov 28 02:59:10 ip-192-168-29-250 containerd: time="2022-11-28T02:59:10.992258271Z" level=info msg="Get image filesystem path \"/var/lib/containerd/io.containerd.snapshotter.v1.overlayfs\""
Nov 28 02:59:10 ip-192-168-29-250 containerd: time="2022-11-28T02:59:10.995995551Z" level=error msg="failed to load cni during init, please check CRI plugin status before setting up network for pods" error="cni config load failed: no network config found in /etc/cni/net.d: cni plugin not initialized: failed to load cni config"
Nov 28 02:59:10 ip-192-168-29-250 containerd: time="2022-11-28T02:59:10.996205184Z" level=info msg=serving... address=/run/containerd/containerd.sock.ttrpc
Nov 28 02:59:10 ip-192-168-29-250 containerd: time="2022-11-28T02:59:10.996245963Z" level=info msg=serving... address=/run/containerd/containerd.sock
Nov 28 02:59:10 ip-192-168-29-250 containerd: time="2022-11-28T02:59:10.996286832Z" level=info msg="containerd successfully booted in 0.062664s"
Nov 28 02:59:10 ip-192-168-29-250 systemd: Started containerd container runtime.
Nov 28 02:59:10 ip-192-168-29-250 systemd: Starting pull sandbox image defined in containerd config.toml...
Nov 28 02:59:10 ip-192-168-29-250 containerd: time="2022-11-28T02:59:10.997854082Z" level=info msg="Start subscribing containerd event"
Nov 28 02:59:10 ip-192-168-29-250 containerd: time="2022-11-28T02:59:10.997892400Z" level=info msg="Start recovering state"
Nov 28 02:59:11 ip-192-168-29-250 dhclient[4202]: XMT: Solicit on eth0, interval 1010ms.
Nov 28 02:59:11 ip-192-168-29-250 systemd: Started Initial cloud-init job (metadata service crawler).
Nov 28 02:59:11 ip-192-168-29-250 systemd: Starting Permit User Sessions...
Nov 28 02:59:11 ip-192-168-29-250 systemd: Reached target Cloud-config availability.
Nov 28 02:59:11 ip-192-168-29-250 systemd: Reached target Network is Online.
Nov 28 02:59:11 ip-192-168-29-250 systemd: Started amazon-ssm-agent.
Nov 28 02:59:11 ip-192-168-29-250 systemd: Starting Notify NFS peers of a restart...
Nov 28 02:59:11 ip-192-168-29-250 systemd: Starting System Logging Service...
Nov 28 02:59:11 ip-192-168-29-250 systemd: Starting Apply the settings specified in cloud-config...
Nov 28 02:59:11 ip-192-168-29-250 systemd: Starting Dynamically Generate Message Of The Day...
Nov 28 02:59:11 ip-192-168-29-250 sm-notify[4671]: Version 1.3.0 starting
Nov 28 02:59:11 ip-192-168-29-250 systemd: Starting OpenSSH Server Key Generation...
Nov 28 02:59:11 ip-192-168-29-250 systemd: Started Permit User Sessions.
Nov 28 02:59:11 ip-192-168-29-250 systemd: Started Notify NFS peers of a restart.
Nov 28 02:59:11 ip-192-168-29-250 systemd: Started Command Scheduler.
Nov 28 02:59:11 ip-192-168-29-250 systemd: Started Getty on tty1.
Nov 28 02:59:11 ip-192-168-29-250 systemd: Started Serial Getty on ttyS0.
Nov 28 02:59:11 ip-192-168-29-250 systemd: Reached target Login Prompts.
Nov 28 02:59:11 ip-192-168-29-250 rsyslogd: [origin software="rsyslogd" swVersion="8.24.0-57.amzn2.2.0.1" x-pid="4682" x-info="http://www.rsyslog.com"] start
Nov 28 02:59:11 ip-192-168-29-250 systemd: Started System Logging Service.
Nov 28 02:59:11 ip-192-168-29-250 sshd-keygen: Generating SSH2 RSA host key: [  OK  ]
Nov 28 02:59:11 ip-192-168-29-250 sshd-keygen: Generating SSH2 ECDSA host key: [  OK  ]
Nov 28 02:59:11 ip-192-168-29-250 sshd-keygen: Generating SSH2 ED25519 host key: [  OK  ]
Nov 28 02:59:11 ip-192-168-29-250 systemd: Started OpenSSH Server Key Generation.
Nov 28 02:59:11 ip-192-168-29-250 systemd: Starting OpenSSH server daemon...
Nov 28 02:59:11 ip-192-168-29-250 systemd: Started OpenSSH server daemon.
Nov 28 02:59:11 ip-192-168-29-250 amazon-ssm-agent: Error occurred fetching the seelog config file path:  open /etc/amazon/ssm/seelog.xml: no such file or directory
Nov 28 02:59:11 ip-192-168-29-250 amazon-ssm-agent: Initializing new seelog logger
Nov 28 02:59:11 ip-192-168-29-250 amazon-ssm-agent: New Seelog Logger Creation Complete
Nov 28 02:59:11 ip-192-168-29-250 amazon-ssm-agent: 2022-11-28 02:59:11 INFO Proxy environment variables:
Nov 28 02:59:11 ip-192-168-29-250 cloud-init: Cloud-init v. 19.3-46.amzn2 running 'modules:config' at Mon, 28 Nov 2022 02:59:11 +0000. Up 5.50 seconds.
Nov 28 02:59:11 ip-192-168-29-250 systemd: Started Apply the settings specified in cloud-config.
Nov 28 02:59:11 ip-192-168-29-250 systemd: Starting Execute cloud user/final scripts...
Nov 28 02:59:11 ip-192-168-29-250 amazon-ssm-agent: 2022-11-28 02:59:11 INFO no_proxy:
Nov 28 02:59:11 ip-192-168-29-250 amazon-ssm-agent: 2022-11-28 02:59:11 INFO https_proxy:
Nov 28 02:59:11 ip-192-168-29-250 containerd: time="2022-11-28T02:59:11.528256950Z" level=info msg="Start event monitor"
Nov 28 02:59:11 ip-192-168-29-250 containerd: time="2022-11-28T02:59:11.528299928Z" level=info msg="Start snapshots syncer"
Nov 28 02:59:11 ip-192-168-29-250 containerd: time="2022-11-28T02:59:11.528309948Z" level=info msg="Start cni network conf syncer for default"
Nov 28 02:59:11 ip-192-168-29-250 containerd: time="2022-11-28T02:59:11.528315498Z" level=info msg="Start streaming server"
Nov 28 02:59:11 ip-192-168-29-250 cloud-init: Cloud-init v. 19.3-46.amzn2 running 'modules:final' at Mon, 28 Nov 2022 02:59:11 +0000. Up 5.74 seconds.
Nov 28 02:59:11 ip-192-168-29-250 amazon-ssm-agent: 2022-11-28 02:59:11 INFO http_proxy:
Nov 28 02:59:11 ip-192-168-29-250 cloud-init: + exec
Nov 28 02:59:11 ip-192-168-29-250 cloud-init: ++ tee /var/log/user-data.log
Nov 28 02:59:11 ip-192-168-29-250 cloud-init: ++ logger -t user-data -s
Nov 28 02:59:11 ip-192-168-29-250 amazon-ssm-agent: 2022-11-28 02:59:11 INFO Agent will take identity from EC2
Nov 28 02:59:11 ip-192-168-29-250 amazon-ssm-agent: 2022-11-28 02:59:11 INFO [amazon-ssm-agent] using named pipe channel for IPC
Nov 28 02:59:11 ip-192-168-29-250 amazon-ssm-agent: 2022-11-28 02:59:11 INFO [amazon-ssm-agent] using named pipe channel for IPC
Nov 28 02:59:11 ip-192-168-29-250 amazon-ssm-agent: 2022-11-28 02:59:11 INFO [amazon-ssm-agent] using named pipe channel for IPC
Nov 28 02:59:12 ip-192-168-29-250 amazon-ssm-agent: 2022-11-28 02:59:11 INFO [amazon-ssm-agent] amazon-ssm-agent - v3.1.1732.0
Nov 28 02:59:12 ip-192-168-29-250 dhclient[4202]: XMT: Solicit on eth0, interval 1970ms.
Nov 28 02:59:12 ip-192-168-29-250 amazon-ssm-agent: 2022-11-28 02:59:11 INFO [amazon-ssm-agent] OS: linux, Arch: amd64
Nov 28 02:59:12 ip-192-168-29-250 amazon-ssm-agent: 2022-11-28 02:59:11 INFO [CredentialRefresher] Identity does not require credential refresher
Nov 28 02:59:12 ip-192-168-29-250 systemd: Created slice User Slice of root.
Nov 28 02:59:12 ip-192-168-29-250 systemd: Started Session c1 of user root.
Nov 28 02:59:12 ip-192-168-29-250 amazon-ssm-agent: 2022-11-28 02:59:12 INFO [amazon-ssm-agent] [LongRunningWorkerContainer] [WorkerProvider] Worker ssm-agent-worker is not running, starting worker process
Nov 28 02:59:12 ip-192-168-29-250 amazon-ssm-agent: 2022-11-28 02:59:12 INFO [amazon-ssm-agent] [LongRunningWorkerContainer] [WorkerProvider] Worker ssm-agent-worker (pid:5108) started
Nov 28 02:59:12 ip-192-168-29-250 amazon-ssm-agent: 2022-11-28 02:59:12 INFO [amazon-ssm-agent] [LongRunningWorkerContainer] Monitor long running worker health every 60 seconds
Nov 28 02:59:12 ip-192-168-29-250 user-data: Using kubelet version 1.24.7
Nov 28 02:59:12 ip-192-168-29-250 user-data: true
Nov 28 02:59:12 ip-192-168-29-250 user-data: Using containerd as the container runtime
Nov 28 02:59:12 ip-192-168-29-250 user-data: true
Nov 28 02:59:12 ip-192-168-29-250 systemd: Started Session c2 of user root.
Nov 28 02:59:12 ip-192-168-29-250 systemd: Started Session c3 of user root.
Nov 28 02:59:12 ip-192-168-29-250 systemd: Started Session c4 of user root.
Nov 28 02:59:12 ip-192-168-29-250 systemd: Started Session c5 of user root.
Nov 28 02:59:12 ip-192-168-29-250 user-data: ‘/etc/eks/containerd/containerd-config.toml’ -> ‘/etc/containerd/config.toml’
Nov 28 02:59:12 ip-192-168-29-250 systemd: Started Session c6 of user root.
Nov 28 02:59:12 ip-192-168-29-250 user-data: ‘/etc/eks/containerd/sandbox-image.service’ -> ‘/etc/systemd/system/sandbox-image.service’
Nov 28 02:59:12 ip-192-168-29-250 systemd: Started Session c7 of user root.
Nov 28 02:59:12 ip-192-168-29-250 systemd: Reloading.
Nov 28 02:59:12 ip-192-168-29-250 systemd: Reloading.
Nov 28 02:59:12 ip-192-168-29-250 systemd: sandbox-image.service: main process exited, code=killed, status=15/TERM
Nov 28 02:59:12 ip-192-168-29-250 systemd: Stopped pull sandbox image defined in containerd config.toml.
Nov 28 02:59:12 ip-192-168-29-250 systemd: Unit sandbox-image.service entered failed state.
Nov 28 02:59:12 ip-192-168-29-250 systemd: sandbox-image.service failed.
Nov 28 02:59:12 ip-192-168-29-250 systemd: Stopping containerd container runtime...
Nov 28 02:59:12 ip-192-168-29-250 containerd: time="2022-11-28T02:59:12.806062302Z" level=info msg="Stop CRI service"
Nov 28 02:59:12 ip-192-168-29-250 pull-sandbox-image.sh: 602401143452.dkr.ecr.us-west-2.amazonaws.com/eks/pause:3.5: resolving      |#033[32m#033[0m--------------------------------------|
Nov 28 02:59:12 ip-192-168-29-250 pull-sandbox-image.sh: elapsed: 0.1 s                                              total:   0.0 B (0.0 B/s)
Nov 28 02:59:12 ip-192-168-29-250 containerd: time="2022-11-28T02:59:12.823982688Z" level=info msg="Stop CRI service"
Nov 28 02:59:12 ip-192-168-29-250 containerd: time="2022-11-28T02:59:12.824007518Z" level=info msg="Event monitor stopped"
Nov 28 02:59:12 ip-192-168-29-250 systemd: Stopped containerd container runtime.
Nov 28 02:59:12 ip-192-168-29-250 systemd: Starting containerd container runtime...
Nov 28 02:59:12 ip-192-168-29-250 containerd: time="2022-11-28T02:59:12.852136258Z" level=info msg="starting containerd" revision=10c12954828e7c7c9b6e0ea9b0c02b01407d3ae1 version=1.6.6
Nov 28 02:59:12 ip-192-168-29-250 containerd: time="2022-11-28T02:59:12.861257836Z" level=info msg="loading plugin \"io.containerd.content.v1.content\"..." type=io.containerd.content.v1
Nov 28 02:59:12 ip-192-168-29-250 containerd: time="2022-11-28T02:59:12.861288335Z" level=info msg="loading plugin \"io.containerd.snapshotter.v1.aufs\"..." type=io.containerd.snapshotter.v1
Nov 28 02:59:12 ip-192-168-29-250 containerd: time="2022-11-28T02:59:12.861947444Z" level=info msg="skip loading plugin \"io.containerd.snapshotter.v1.aufs\"..." error="aufs is not supported (modprobe aufs failed: exit status 1 \"modprobe: FATAL: Module aufs not found in directory /lib/modules/5.4.219-126.411.amzn2.x86_64\\n\"): skip plugin" type=io.containerd.snapshotter.v1
Nov 28 02:59:12 ip-192-168-29-250 containerd: time="2022-11-28T02:59:12.862005202Z" level=info msg="loading plugin \"io.containerd.snapshotter.v1.btrfs\"..." type=io.containerd.snapshotter.v1
Nov 28 02:59:12 ip-192-168-29-250 containerd: time="2022-11-28T02:59:12.862073690Z" level=info msg="skip loading plugin \"io.containerd.snapshotter.v1.btrfs\"..." error="path /var/lib/containerd/io.containerd.snapshotter.v1.btrfs (xfs) must be a btrfs filesystem to be used with the btrfs snapshotter: skip plugin" type=io.containerd.snapshotter.v1
Nov 28 02:59:12 ip-192-168-29-250 containerd: time="2022-11-28T02:59:12.862083279Z" level=info msg="loading plugin \"io.containerd.snapshotter.v1.devmapper\"..." type=io.containerd.snapshotter.v1
Nov 28 02:59:12 ip-192-168-29-250 containerd: time="2022-11-28T02:59:12.862090599Z" level=warning msg="failed to load plugin io.containerd.snapshotter.v1.devmapper" error="devmapper not configured"
Nov 28 02:59:12 ip-192-168-29-250 containerd: time="2022-11-28T02:59:12.862096489Z" level=info msg="loading plugin \"io.containerd.snapshotter.v1.native\"..." type=io.containerd.snapshotter.v1
Nov 28 02:59:12 ip-192-168-29-250 containerd: time="2022-11-28T02:59:12.862109419Z" level=info msg="loading plugin \"io.containerd.snapshotter.v1.overlayfs\"..." type=io.containerd.snapshotter.v1
Nov 28 02:59:12 ip-192-168-29-250 containerd: time="2022-11-28T02:59:12.862156717Z" level=info msg="loading plugin \"io.containerd.snapshotter.v1.zfs\"..." type=io.containerd.snapshotter.v1
Nov 28 02:59:12 ip-192-168-29-250 containerd: time="2022-11-28T02:59:12.862224505Z" level=info msg="skip loading plugin \"io.containerd.snapshotter.v1.zfs\"..." error="path /var/lib/containerd/io.containerd.snapshotter.v1.zfs must be a zfs filesystem to be used with the zfs snapshotter: skip plugin" type=io.containerd.snapshotter.v1
Nov 28 02:59:12 ip-192-168-29-250 containerd: time="2022-11-28T02:59:12.862234895Z" level=info msg="loading plugin \"io.containerd.metadata.v1.bolt\"..." type=io.containerd.metadata.v1
Nov 28 02:59:12 ip-192-168-29-250 containerd: time="2022-11-28T02:59:12.862244324Z" level=warning msg="could not use snapshotter devmapper in metadata plugin" error="devmapper not configured"
Nov 28 02:59:12 ip-192-168-29-250 containerd: time="2022-11-28T02:59:12.862250474Z" level=info msg="metadata content store policy set" policy=shared
Nov 28 02:59:12 ip-192-168-29-250 containerd: time="2022-11-28T02:59:12.862298402Z" level=info msg="loading plugin \"io.containerd.differ.v1.walking\"..." type=io.containerd.differ.v1
Nov 28 02:59:12 ip-192-168-29-250 containerd: time="2022-11-28T02:59:12.862308962Z" level=info msg="loading plugin \"io.containerd.event.v1.exchange\"..." type=io.containerd.event.v1
Nov 28 02:59:12 ip-192-168-29-250 containerd: time="2022-11-28T02:59:12.862317352Z" level=info msg="loading plugin \"io.containerd.gc.v1.scheduler\"..." type=io.containerd.gc.v1
Nov 28 02:59:12 ip-192-168-29-250 containerd: time="2022-11-28T02:59:12.862338781Z" level=info msg="loading plugin \"io.containerd.service.v1.introspection-service\"..." type=io.containerd.service.v1
Nov 28 02:59:12 ip-192-168-29-250 containerd: time="2022-11-28T02:59:12.862356660Z" level=info msg="loading plugin \"io.containerd.service.v1.containers-service\"..." type=io.containerd.service.v1
Nov 28 02:59:12 ip-192-168-29-250 containerd: time="2022-11-28T02:59:12.862371600Z" level=info msg="loading plugin \"io.containerd.service.v1.content-service\"..." type=io.containerd.service.v1
Nov 28 02:59:12 ip-192-168-29-250 containerd: time="2022-11-28T02:59:12.862379080Z" level=info msg="loading plugin \"io.containerd.service.v1.diff-service\"..." type=io.containerd.service.v1
Nov 28 02:59:12 ip-192-168-29-250 containerd: time="2022-11-28T02:59:12.862387190Z" level=info msg="loading plugin \"io.containerd.service.v1.images-service\"..." type=io.containerd.service.v1
Nov 28 02:59:12 ip-192-168-29-250 containerd: time="2022-11-28T02:59:12.862395659Z" level=info msg="loading plugin \"io.containerd.service.v1.leases-service\"..." type=io.containerd.service.v1
Nov 28 02:59:12 ip-192-168-29-250 containerd: time="2022-11-28T02:59:12.862403889Z" level=info msg="loading plugin \"io.containerd.service.v1.namespaces-service\"..." type=io.containerd.service.v1
Nov 28 02:59:12 ip-192-168-29-250 containerd: time="2022-11-28T02:59:12.862411239Z" level=info msg="loading plugin \"io.containerd.service.v1.snapshots-service\"..." type=io.containerd.service.v1
Nov 28 02:59:12 ip-192-168-29-250 containerd: time="2022-11-28T02:59:12.862418338Z" level=info msg="loading plugin \"io.containerd.runtime.v1.linux\"..." type=io.containerd.runtime.v1
Nov 28 02:59:12 ip-192-168-29-250 containerd: time="2022-11-28T02:59:12.862440718Z" level=info msg="loading plugin \"io.containerd.runtime.v2.task\"..." type=io.containerd.runtime.v2
Nov 28 02:59:12 ip-192-168-29-250 containerd: time="2022-11-28T02:59:12.862462667Z" level=info msg="loading plugin \"io.containerd.monitor.v1.cgroups\"..." type=io.containerd.monitor.v1
Nov 28 02:59:12 ip-192-168-29-250 containerd: time="2022-11-28T02:59:12.862992300Z" level=info msg="loading plugin \"io.containerd.service.v1.tasks-service\"..." type=io.containerd.service.v1
Nov 28 02:59:12 ip-192-168-29-250 containerd: time="2022-11-28T02:59:12.863039099Z" level=info msg="loading plugin \"io.containerd.grpc.v1.introspection\"..." type=io.containerd.grpc.v1
Nov 28 02:59:12 ip-192-168-29-250 containerd: time="2022-11-28T02:59:12.863082527Z" level=info msg="loading plugin \"io.containerd.internal.v1.restart\"..." type=io.containerd.internal.v1
Nov 28 02:59:12 ip-192-168-29-250 containerd: time="2022-11-28T02:59:12.863232232Z" level=info msg="loading plugin \"io.containerd.grpc.v1.containers\"..." type=io.containerd.grpc.v1
Nov 28 02:59:12 ip-192-168-29-250 containerd: time="2022-11-28T02:59:12.863250962Z" level=info msg="loading plugin \"io.containerd.grpc.v1.content\"..." type=io.containerd.grpc.v1
Nov 28 02:59:12 ip-192-168-29-250 containerd: time="2022-11-28T02:59:12.863260132Z" level=info msg="loading plugin \"io.containerd.grpc.v1.diff\"..." type=io.containerd.grpc.v1
Nov 28 02:59:12 ip-192-168-29-250 containerd: time="2022-11-28T02:59:12.863267261Z" level=info msg="loading plugin \"io.containerd.grpc.v1.events\"..." type=io.containerd.grpc.v1
Nov 28 02:59:12 ip-192-168-29-250 containerd: time="2022-11-28T02:59:12.863274861Z" level=info msg="loading plugin \"io.containerd.grpc.v1.healthcheck\"..." type=io.containerd.grpc.v1
Nov 28 02:59:12 ip-192-168-29-250 containerd: time="2022-11-28T02:59:12.863295930Z" level=info msg="loading plugin \"io.containerd.grpc.v1.images\"..." type=io.containerd.grpc.v1
Nov 28 02:59:12 ip-192-168-29-250 containerd: time="2022-11-28T02:59:12.863310100Z" level=info msg="loading plugin \"io.containerd.grpc.v1.leases\"..." type=io.containerd.grpc.v1
Nov 28 02:59:12 ip-192-168-29-250 containerd: time="2022-11-28T02:59:12.863322140Z" level=info msg="loading plugin \"io.containerd.grpc.v1.namespaces\"..." type=io.containerd.grpc.v1
Nov 28 02:59:12 ip-192-168-29-250 containerd: time="2022-11-28T02:59:12.863335879Z" level=info msg="loading plugin \"io.containerd.internal.v1.opt\"..." type=io.containerd.internal.v1
Nov 28 02:59:12 ip-192-168-29-250 containerd: time="2022-11-28T02:59:12.863366178Z" level=info msg="loading plugin \"io.containerd.grpc.v1.snapshots\"..." type=io.containerd.grpc.v1
Nov 28 02:59:12 ip-192-168-29-250 containerd: time="2022-11-28T02:59:12.863381698Z" level=info msg="loading plugin \"io.containerd.grpc.v1.tasks\"..." type=io.containerd.grpc.v1
Nov 28 02:59:12 ip-192-168-29-250 containerd: time="2022-11-28T02:59:12.863393807Z" level=info msg="loading plugin \"io.containerd.grpc.v1.version\"..." type=io.containerd.grpc.v1
Nov 28 02:59:12 ip-192-168-29-250 containerd: time="2022-11-28T02:59:12.863405337Z" level=info msg="loading plugin \"io.containerd.tracing.processor.v1.otlp\"..." type=io.containerd.tracing.processor.v1
Nov 28 02:59:12 ip-192-168-29-250 containerd: time="2022-11-28T02:59:12.863419577Z" level=info msg="skip loading plugin \"io.containerd.tracing.processor.v1.otlp\"..." error="no OpenTelemetry endpoint: skip plugin" type=io.containerd.tracing.processor.v1
Nov 28 02:59:12 ip-192-168-29-250 containerd: time="2022-11-28T02:59:12.863432166Z" level=info msg="loading plugin \"io.containerd.internal.v1.tracing\"..." type=io.containerd.internal.v1
Nov 28 02:59:12 ip-192-168-29-250 containerd: time="2022-11-28T02:59:12.863443896Z" level=error msg="failed to initialize a tracing processor \"otlp\"" error="no OpenTelemetry endpoint: skip plugin"
Nov 28 02:59:12 ip-192-168-29-250 containerd: time="2022-11-28T02:59:12.863466605Z" level=info msg="loading plugin \"io.containerd.grpc.v1.cri\"..." type=io.containerd.grpc.v1
Nov 28 02:59:12 ip-192-168-29-250 systemd: Started containerd container runtime.
Nov 28 02:59:12 ip-192-168-29-250 systemd: Starting pull sandbox image defined in containerd config.toml...
Nov 28 02:59:12 ip-192-168-29-250 containerd: time="2022-11-28T02:59:12.863579401Z" level=info msg="Start cri plugin with config {PluginConfig:{ContainerdConfig:{Snapshotter:overlayfs DefaultRuntimeName:runc DefaultRuntime:{Type: Path: Engine: PodAnnotations:[] ContainerAnnotations:[] Root: Options:map[] PrivilegedWithoutHostDevices:false BaseRuntimeSpec: NetworkPluginConfDir: NetworkPluginMaxConfNum:0} UntrustedWorkloadRuntime:{Type: Path: Engine: PodAnnotations:[] ContainerAnnotations:[] Root: Options:map[] PrivilegedWithoutHostDevices:false BaseRuntimeSpec: NetworkPluginConfDir: NetworkPluginMaxConfNum:0} Runtimes:map[runc:{Type:io.containerd.runc.v2 Path: Engine: PodAnnotations:[] ContainerAnnotations:[] Root: Options:map[SystemdCgroup:true] PrivilegedWithoutHostDevices:false BaseRuntimeSpec: NetworkPluginConfDir: NetworkPluginMaxConfNum:0}] NoPivot:false DisableSnapshotAnnotations:true DiscardUnpackedLayers:false IgnoreRdtNotEnabledErrors:false} CniConfig:{NetworkPluginBinDir:/opt/cni/bin NetworkPluginConfDir:/etc/cni/net.d NetworkPluginMaxConfNum:1 NetworkPluginConfTemplate: IPPreference:} Registry:{ConfigPath:/etc/containerd/certs.d:/etc/docker/certs.d Mirrors:map[] Configs:map[] Auths:map[] Headers:map[]} ImageDecryption:{KeyModel:node} DisableTCPService:true StreamServerAddress:127.0.0.1 StreamServerPort:0 StreamIdleTimeout:4h0m0s EnableSelinux:false SelinuxCategoryRange:1024 SandboxImage:602401143452.dkr.ecr.us-east-2.amazonaws.com/eks/pause:3.5 StatsCollectPeriod:10 SystemdCgroup:false EnableTLSStreaming:false X509KeyPairStreaming:{TLSCertFile: TLSKeyFile:} MaxContainerLogLineSize:16384 DisableCgroup:false DisableApparmor:false RestrictOOMScoreAdj:false MaxConcurrentDownloads:3 DisableProcMount:false UnsetSeccompProfile: TolerateMissingHugetlbController:true DisableHugetlbController:true DeviceOwnershipFromSecurityContext:false IgnoreImageDefinedVolumes:false NetNSMountsUnderStateDir:false EnableUnprivilegedPorts:false EnableUnprivilegedICMP:false} ContainerdRootDir:/var/lib/containerd ContainerdEndpoint:/run/containerd/containerd.sock RootDir:/var/lib/containerd/io.containerd.grpc.v1.cri StateDir:/run/containerd/io.containerd.grpc.v1.cri}"
Nov 28 02:59:12 ip-192-168-29-250 containerd: time="2022-11-28T02:59:12.863616130Z" level=info msg="Connect containerd service"
Nov 28 02:59:12 ip-192-168-29-250 containerd: time="2022-11-28T02:59:12.863635279Z" level=info msg="Get image filesystem path \"/var/lib/containerd/io.containerd.snapshotter.v1.overlayfs\""
Nov 28 02:59:12 ip-192-168-29-250 containerd: time="2022-11-28T02:59:12.863872512Z" level=error msg="failed to load cni during init, please check CRI plugin status before setting up network for pods" error="cni config load failed: no network config found in /etc/cni/net.d: cni plugin not initialized: failed to load cni config"
Nov 28 02:59:12 ip-192-168-29-250 containerd: time="2022-11-28T02:59:12.864010847Z" level=info msg="Start subscribing containerd event"
Nov 28 02:59:12 ip-192-168-29-250 containerd: time="2022-11-28T02:59:12.864046237Z" level=info msg="Start recovering state"
Nov 28 02:59:12 ip-192-168-29-250 containerd: time="2022-11-28T02:59:12.864122064Z" level=info msg=serving... address=/run/containerd/containerd.sock.ttrpc
Nov 28 02:59:12 ip-192-168-29-250 containerd: time="2022-11-28T02:59:12.864156923Z" level=info msg=serving... address=/run/containerd/containerd.sock
